[0001/4] S2:seed-117 complete
[0002/4] E2:seed-117 complete
[0003/4] R2:seed-117 complete
[0004/4] A2:seed-117 complete
[0001/16] S2:seed-117:aor complete
[0002/16] E2:seed-117:aor complete
[0003/16] R2:seed-117:aor complete
[0004/16] A2:seed-117:aor complete
[0005/16] S2:seed-117:gcb complete
[0006/16] R2:seed-117:gcb complete
[0007/16] S2:seed-117:smp complete
[0008/16] E2:seed-117:gcb complete
[0009/16] R2:seed-117:smp complete
[0010/16] E2:seed-117:smp complete
[0011/16] A2:seed-117:gcb complete
[0012/16] A2:seed-117:smp complete
[0013/16] S2:seed-117:ctp complete
[0014/16] E2:seed-117:ctp complete
[0015/16] R2:seed-117:ctp complete
[0016/16] A2:seed-117:ctp complete
{"label_counts": {"aor": 1, "ctp": 2, "smp": 1}, "record_count": 4}
