{
  "arms": [
    {
      "checkpoint_error": 2758.284915770947,
      "checkpoint_hash": "5db857e5876de5642830f9cc316c04814b7918a62b1b1d157e87c4187060b2d8",
      "final_error": 364.54084596429465,
      "mode": "proposal_neighborhood",
      "phase2_consumed_fes": 2820000,
      "proposal_budget_fes": 8389,
      "strict_best": true,
      "terminal_fes": 3000000,
      "total_coordination_gain": 1252.5923508241717,
      "total_proposal_gain": 1141.1517189824804
    },
    {
      "checkpoint_error": 2758.284915770947,
      "checkpoint_hash": "5db857e5876de5642830f9cc316c04814b7918a62b1b1d157e87c4187060b2d8",
      "final_error": 360.968181241645,
      "mode": "full_context",
      "phase2_consumed_fes": 2820000,
      "proposal_budget_fes": 8389,
      "strict_best": true,
      "terminal_fes": 3000000,
      "total_coordination_gain": 1284.5633526613817,
      "total_proposal_gain": 1112.7533818679203
    },
    {
      "checkpoint_hash": "5db857e5876de5642830f9cc316c04814b7918a62b1b1d157e87c4187060b2d8",
      "coordination_gain": [
        1191.3422120442551,
        45.02670173918801,
        9.535362933543013,
        9.44697262639238e-08,
        1.1016254575224593e-10,
        2.233946361229755e-11,
        4.6922082219680306e-08,
        5.481979314936325e-10,
        6.491906985378307,
        3.0575733944715466e-08,
        2.2737367544323206e-13,
        0.0,
        0.37769998188753107,
        6.366462912410498e-12,
        5.684341886080802e-14,
        0.0
      ],
      "ctp_fes": [
        0,
        32,
        32,
        32,
        0,
        0,
        32,
        0,
        0,
        32,
        0,
        0,
        0,
        32,
        0,
        0
      ],
      "ctp_triggered_components": [
        0,
        1,
        1,
        1,
        0,
        0,
        1,
        0,
        0,
        1,
        0,
        0,
        0,
        1,
        0,
        0
      ],
      "final_error": 364.54084596429453,
      "max_conflict_streak": [
        1,
        2,
        3,
        4,
        0,
        1,
        2,
        0,
        1,
        2,
        0,
        0,
        1,
        2,
        0,
        0
      ],
      "mode": "persistent_ctp",
      "phase1_fes": 180000,
      "phase2_consumed_fes": 2820000,
      "proposal_budget_fes": 8389,
      "strict_best": true,
      "terminal_fes": 3000000
    }
  ],
  "baseline_source": "artifacts\\overlap_arac_gate29_screening\\confirmation_fresh.json",
  "cell": {
    "mode": "conflicting",
    "overlap_budget": 3,
    "seed": 20260829,
    "topology": "chain"
  },
  "checkpoint_parity": true,
  "pilot": {
    "checkpoint_error": 2758.284915770947,
    "checkpoint_hash": "5db857e5876de5642830f9cc316c04814b7918a62b1b1d157e87c4187060b2d8",
    "phase1_fes": 180000
  },
  "proposal_budget_parity": true,
  "schema_version": "arac-overlap-joint-core-ctp-gate32-real-cell-v1",
  "truth_shared_count": 3
}
