[0001/600] E1:seed-20260745 complete
[0002/600] E2:seed-20260745 complete
[0003/600] E3:seed-20260745 complete
[0004/600] E4:seed-20260745 complete
[0005/600] E5:seed-20260745 complete
[0006/600] E6:seed-20260745 complete
[0007/600] A3:seed-20260745 complete
[0008/600] A4:seed-20260745 complete
[0009/600] R2:seed-20260745 complete
[0010/600] S6:seed-20260745 complete
[0011/600] R4:seed-20260745 complete
[0012/600] R5:seed-20260745 complete
[0013/600] R6:seed-20260745 complete
[0014/600] A2:seed-20260745 complete
[0015/600] A3:seed-20260746 complete
[0016/600] A4:seed-20260746 complete
[0017/600] A5:seed-20260745 complete
[0018/600] A6:seed-20260745 complete
[0019/600] A1:seed-20260745 complete
[0020/600] A1:seed-20260746 complete
[0021/600] R1:seed-20260745 complete
[0022/600] S1:seed-20260745 complete
[0023/600] E1:seed-20260746 complete
[0024/600] E2:seed-20260746 complete
[0025/600] E3:seed-20260746 complete
[0026/600] E4:seed-20260746 complete
[0027/600] S2:seed-20260745 complete
[0028/600] E5:seed-20260746 complete
[0029/600] A6:seed-20260746 complete
[0030/600] E6:seed-20260746 complete
[0031/600] A5:seed-20260746 complete
[0032/600] R2:seed-20260746 complete
[0033/600] R3:seed-20260746 complete
[0034/600] R4:seed-20260746 complete
[0035/600] R5:seed-20260746 complete
[0036/600] S3:seed-20260745 complete
[0037/600] R6:seed-20260746 complete
[0038/600] S5:seed-20260745 complete
[0039/600] S4:seed-20260745 complete
[0040/600] R3:seed-20260745 complete
[0041/600] A2:seed-20260746 complete
[0042/600] R1:seed-20260746 complete
[0043/600] E1:seed-20260747 complete
[0044/600] S1:seed-20260746 complete
[0045/600] E2:seed-20260747 complete
[0046/600] A4:seed-20260747 complete
[0047/600] E3:seed-20260747 complete
[0048/600] A5:seed-20260747 complete
[0049/600] E4:seed-20260747 complete
[0050/600] A3:seed-20260747 complete
[0051/600] E5:seed-20260747 complete
[0052/600] E6:seed-20260747 complete
[0053/600] A6:seed-20260747 complete
[0054/600] S2:seed-20260746 complete
[0055/600] R6:seed-20260747 complete
[0056/600] S3:seed-20260746 complete
[0057/600] S4:seed-20260746 complete
[0058/600] A1:seed-20260747 complete
[0059/600] R1:seed-20260747 complete
[0060/600] A2:seed-20260748 complete
[0061/600] S5:seed-20260746 complete
[0062/600] S6:seed-20260746 complete
[0063/600] S1:seed-20260747 complete
[0064/600] E1:seed-20260748 complete
[0065/600] E2:seed-20260748 complete
[0066/600] A4:seed-20260748 complete
[0067/600] A5:seed-20260748 complete
[0068/600] A2:seed-20260747 complete
[0069/600] E3:seed-20260748 complete
[0070/600] A6:seed-20260748 complete
[0071/600] E4:seed-20260748 complete
[0072/600] E5:seed-20260748 complete
[0073/600] E6:seed-20260748 complete
[0074/600] R5:seed-20260747 complete
[0075/600] R2:seed-20260747 complete
[0076/600] R2:seed-20260748 complete
[0077/600] S2:seed-20260747 complete
[0078/600] S3:seed-20260747 complete
[0079/600] R3:seed-20260747 complete
[0080/600] R4:seed-20260747 complete
[0081/600] A1:seed-20260748 complete
[0082/600] R3:seed-20260748 complete
[0083/600] S4:seed-20260747 complete
[0084/600] R4:seed-20260748 complete
[0085/600] R5:seed-20260748 complete
[0086/600] R6:seed-20260748 complete
[0087/600] S5:seed-20260747 complete
[0088/600] S6:seed-20260747 complete
[0089/600] R1:seed-20260748 complete
[0090/600] A3:seed-20260748 complete
[0091/600] A2:seed-20260749 complete
[0092/600] E1:seed-20260749 complete
[0093/600] E2:seed-20260749 complete
[0094/600] E3:seed-20260749 complete
[0095/600] A5:seed-20260749 complete
[0096/600] A3:seed-20260749 complete
[0097/600] E4:seed-20260749 complete
[0098/600] E5:seed-20260749 complete
[0099/600] E6:seed-20260749 complete
[0100/600] R1:seed-20260749 complete
[0101/600] S1:seed-20260748 complete
[0102/600] A1:seed-20260749 complete
[0103/600] R2:seed-20260749 complete
[0104/600] R3:seed-20260749 complete
[0105/600] R4:seed-20260749 complete
[0106/600] R5:seed-20260749 complete
[0107/600] S2:seed-20260748 complete
[0108/600] R6:seed-20260749 complete
[0109/600] S3:seed-20260748 complete
[0110/600] S4:seed-20260748 complete
[0111/600] S5:seed-20260748 complete
[0112/600] S6:seed-20260748 complete
[0113/600] E1:seed-20260750 complete
[0114/600] E2:seed-20260750 complete
[0115/600] E3:seed-20260750 complete
[0116/600] A4:seed-20260750 complete
[0117/600] A4:seed-20260749 complete
[0118/600] A6:seed-20260750 complete
[0119/600] E4:seed-20260750 complete
[0120/600] A6:seed-20260749 complete
[0121/600] S1:seed-20260749 complete
[0122/600] E5:seed-20260750 complete
[0123/600] E6:seed-20260750 complete
[0124/600] R1:seed-20260750 complete
[0125/600] A1:seed-20260750 complete
[0126/600] R2:seed-20260750 complete
[0127/600] R3:seed-20260750 complete
[0128/600] R4:seed-20260750 complete
[0129/600] S2:seed-20260749 complete
[0130/600] S3:seed-20260749 complete
[0131/600] S4:seed-20260749 complete
[0132/600] S5:seed-20260749 complete
[0133/600] S6:seed-20260749 complete
[0134/600] A2:seed-20260750 complete
[0135/600] A3:seed-20260750 complete
[0136/600] A5:seed-20260750 complete
[0137/600] A2:seed-20260751 complete
[0138/600] A5:seed-20260751 complete
[0139/600] E1:seed-20260751 complete
[0140/600] E2:seed-20260751 complete
[0141/600] S1:seed-20260750 complete
[0142/600] E3:seed-20260751 complete
[0143/600] E4:seed-20260751 complete
[0144/600] A6:seed-20260751 complete
[0145/600] E5:seed-20260751 complete
[0146/600] E6:seed-20260751 complete
[0147/600] S2:seed-20260750 complete
[0148/600] A1:seed-20260751 complete
[0149/600] R5:seed-20260750 complete
[0150/600] R2:seed-20260751 complete
[0151/600] R3:seed-20260751 complete
[0152/600] R6:seed-20260750 complete
[0153/600] R4:seed-20260751 complete
[0154/600] S3:seed-20260750 complete
[0155/600] S4:seed-20260750 complete
[0156/600] R6:seed-20260751 complete
[0157/600] S6:seed-20260750 complete
[0158/600] S5:seed-20260750 complete
[0159/600] A3:seed-20260751 complete
[0160/600] R1:seed-20260751 complete
[0161/600] A4:seed-20260751 complete
[0162/600] A2:seed-20260752 complete
[0163/600] A3:seed-20260752 complete
[0164/600] E1:seed-20260752 complete
[0165/600] E2:seed-20260752 complete
[0166/600] A4:seed-20260752 complete
[0167/600] E3:seed-20260752 complete
[0168/600] E4:seed-20260752 complete
[0169/600] S1:seed-20260751 complete
[0170/600] E5:seed-20260752 complete
[0171/600] E6:seed-20260752 complete
[0172/600] A1:seed-20260752 complete
[0173/600] R2:seed-20260752 complete
[0174/600] S2:seed-20260751 complete
[0175/600] R3:seed-20260752 complete
[0176/600] R4:seed-20260752 complete
[0177/600] R5:seed-20260751 complete
[0178/600] R6:seed-20260752 complete
[0179/600] S3:seed-20260751 complete
[0180/600] S4:seed-20260751 complete
[0181/600] S5:seed-20260751 complete
[0182/600] S6:seed-20260751 complete
[0183/600] R1:seed-20260752 complete
[0184/600] A2:seed-20260753 complete
[0185/600] A4:seed-20260753 complete
[0186/600] E1:seed-20260753 complete
[0187/600] A5:seed-20260752 complete
[0188/600] A6:seed-20260753 complete
[0189/600] A6:seed-20260752 complete
[0190/600] E2:seed-20260753 complete
[0191/600] A5:seed-20260753 complete
[0192/600] E3:seed-20260753 complete
[0193/600] S1:seed-20260752 complete
[0194/600] E4:seed-20260753 complete
[0195/600] E5:seed-20260753 complete
[0196/600] E6:seed-20260753 complete
[0197/600] R2:seed-20260753 complete
[0198/600] A1:seed-20260753 complete
[0199/600] S2:seed-20260752 complete
[0200/600] R3:seed-20260753 complete
[0201/600] R4:seed-20260753 complete
[0202/600] R5:seed-20260752 complete
[0203/600] S3:seed-20260752 complete
[0204/600] R6:seed-20260753 complete
[0205/600] S4:seed-20260752 complete
[0206/600] S5:seed-20260752 complete
[0207/600] S6:seed-20260752 complete
[0208/600] R1:seed-20260753 complete
[0209/600] A3:seed-20260753 complete
[0210/600] E1:seed-20260754 complete
[0211/600] A3:seed-20260754 complete
[0212/600] A4:seed-20260754 complete
[0213/600] E2:seed-20260754 complete
[0214/600] A6:seed-20260754 complete
[0215/600] E3:seed-20260754 complete
[0216/600] E4:seed-20260754 complete
[0217/600] E5:seed-20260754 complete
[0218/600] S1:seed-20260753 complete
[0219/600] E6:seed-20260754 complete
[0220/600] R2:seed-20260754 complete
[0221/600] A1:seed-20260754 complete
[0222/600] R3:seed-20260754 complete
[0223/600] R4:seed-20260754 complete
[0224/600] R6:seed-20260754 complete
[0225/600] R5:seed-20260753 complete
[0226/600] S2:seed-20260753 complete
[0227/600] S3:seed-20260753 complete
[0228/600] S4:seed-20260753 complete
[0229/600] S5:seed-20260753 complete
[0230/600] S6:seed-20260753 complete
[0231/600] R1:seed-20260754 complete
[0232/600] A2:seed-20260754 complete
[0233/600] E1:seed-20260755 complete
[0234/600] A2:seed-20260755 complete
[0235/600] A5:seed-20260754 complete
[0236/600] A3:seed-20260755 complete
[0237/600] A4:seed-20260755 complete
[0238/600] S1:seed-20260754 complete
[0239/600] E2:seed-20260755 complete
[0240/600] A5:seed-20260755 complete
[0241/600] E3:seed-20260755 complete
[0242/600] E4:seed-20260755 complete
[0243/600] E5:seed-20260755 complete
[0244/600] E6:seed-20260755 complete
[0245/600] A1:seed-20260755 complete
[0246/600] R1:seed-20260755 complete
[0247/600] R5:seed-20260754 complete
[0248/600] S2:seed-20260754 complete
[0249/600] R3:seed-20260755 complete
[0250/600] R4:seed-20260755 complete
[0251/600] R5:seed-20260755 complete
[0252/600] R6:seed-20260755 complete
[0253/600] S3:seed-20260754 complete
[0254/600] S4:seed-20260754 complete
[0255/600] S5:seed-20260754 complete
[0256/600] S6:seed-20260754 complete
[0257/600] A2:seed-20260756 complete
[0258/600] A4:seed-20260756 complete
[0259/600] E1:seed-20260756 complete
[0260/600] A3:seed-20260756 complete
[0261/600] A5:seed-20260756 complete
[0262/600] A6:seed-20260756 complete
[0263/600] E2:seed-20260756 complete
[0264/600] A6:seed-20260755 complete
[0265/600] E3:seed-20260756 complete
[0266/600] E4:seed-20260756 complete
[0267/600] E5:seed-20260756 complete
[0268/600] S1:seed-20260755 complete
[0269/600] E6:seed-20260756 complete
[0270/600] R2:seed-20260756 complete
[0271/600] A1:seed-20260756 complete
[0272/600] R2:seed-20260755 complete
[0273/600] R4:seed-20260756 complete
[0274/600] R5:seed-20260756 complete
[0275/600] R6:seed-20260756 complete
[0276/600] S2:seed-20260755 complete
[0277/600] S3:seed-20260755 complete
[0278/600] S4:seed-20260755 complete
[0279/600] S5:seed-20260755 complete
[0280/600] S6:seed-20260755 complete
[0281/600] A3:seed-20260757 complete
[0282/600] A4:seed-20260757 complete
[0283/600] E1:seed-20260757 complete
[0284/600] A5:seed-20260757 complete
[0285/600] E2:seed-20260757 complete
[0286/600] R1:seed-20260756 complete
[0287/600] A6:seed-20260757 complete
[0288/600] E3:seed-20260757 complete
[0289/600] S1:seed-20260756 complete
[0290/600] E4:seed-20260757 complete
[0291/600] E5:seed-20260757 complete
[0292/600] E6:seed-20260757 complete
[0293/600] A1:seed-20260757 complete
[0294/600] S2:seed-20260756 complete
[0295/600] R2:seed-20260757 complete
[0296/600] R3:seed-20260757 complete
[0297/600] R3:seed-20260756 complete
[0298/600] R4:seed-20260757 complete
[0299/600] S3:seed-20260756 complete
[0300/600] R5:seed-20260757 complete
[0301/600] R6:seed-20260757 complete
[0302/600] S4:seed-20260756 complete
[0303/600] S5:seed-20260756 complete
[0304/600] S6:seed-20260756 complete
[0305/600] A2:seed-20260758 complete
[0306/600] A3:seed-20260758 complete
[0307/600] A2:seed-20260757 complete
[0308/600] R1:seed-20260757 complete
[0309/600] A4:seed-20260758 complete
[0310/600] A6:seed-20260758 complete
[0311/600] E2:seed-20260758 complete
[0312/600] E3:seed-20260758 complete
[0313/600] S1:seed-20260757 complete
[0314/600] E4:seed-20260758 complete
[0315/600] E5:seed-20260758 complete
[0316/600] E6:seed-20260758 complete
[0317/600] A1:seed-20260758 complete
[0318/600] R4:seed-20260758 complete
[0319/600] R5:seed-20260758 complete
[0320/600] S2:seed-20260757 complete
[0321/600] R6:seed-20260758 complete
[0322/600] E1:seed-20260758 complete
[0323/600] S3:seed-20260757 complete
[0324/600] S4:seed-20260757 complete
[0325/600] S5:seed-20260757 complete
[0326/600] S6:seed-20260757 complete
[0327/600] A2:seed-20260759 complete
[0328/600] A3:seed-20260759 complete
[0329/600] E1:seed-20260759 complete
[0330/600] R1:seed-20260758 complete
[0331/600] A4:seed-20260759 complete
[0332/600] A5:seed-20260759 complete
[0333/600] E2:seed-20260759 complete
[0334/600] A5:seed-20260758 complete
[0335/600] E3:seed-20260759 complete
[0336/600] A6:seed-20260759 complete
[0337/600] S1:seed-20260758 complete
[0338/600] E4:seed-20260759 complete
[0339/600] A1:seed-20260759 complete
[0340/600] E5:seed-20260759 complete
[0341/600] R3:seed-20260758 complete
[0342/600] R2:seed-20260758 complete
[0343/600] E6:seed-20260759 complete
[0344/600] R2:seed-20260759 complete
[0345/600] R3:seed-20260759 complete
[0346/600] S2:seed-20260758 complete
[0347/600] R4:seed-20260759 complete
[0348/600] R6:seed-20260759 complete
[0349/600] S3:seed-20260758 complete
[0350/600] S4:seed-20260758 complete
[0351/600] S5:seed-20260758 complete
[0352/600] S6:seed-20260758 complete
[0353/600] A4:seed-20260760 complete
[0354/600] A5:seed-20260760 complete
[0355/600] R1:seed-20260759 complete
[0356/600] E1:seed-20260760 complete
[0357/600] E2:seed-20260760 complete
[0358/600] S1:seed-20260759 complete
[0359/600] E3:seed-20260760 complete
[0360/600] E4:seed-20260760 complete
[0361/600] E5:seed-20260760 complete
[0362/600] E6:seed-20260760 complete
[0363/600] A1:seed-20260760 complete
[0364/600] R2:seed-20260760 complete
[0365/600] R4:seed-20260760 complete
[0366/600] R5:seed-20260760 complete
[0367/600] R6:seed-20260760 complete
[0368/600] S2:seed-20260759 complete
[0369/600] R5:seed-20260759 complete
[0370/600] S3:seed-20260759 complete
[0371/600] S4:seed-20260759 complete
[0372/600] S5:seed-20260759 complete
[0373/600] S6:seed-20260759 complete
[0374/600] A2:seed-20260760 complete
[0375/600] A3:seed-20260760 complete
[0376/600] R1:seed-20260760 complete
[0377/600] A3:seed-20260761 complete
[0378/600] A4:seed-20260761 complete
[0379/600] S1:seed-20260760 complete
[0380/600] E1:seed-20260761 complete
[0381/600] A5:seed-20260761 complete
[0382/600] A6:seed-20260760 complete
[0383/600] E2:seed-20260761 complete
[0384/600] A6:seed-20260761 complete
[0385/600] E3:seed-20260761 complete
[0386/600] E4:seed-20260761 complete
[0387/600] E5:seed-20260761 complete
[0388/600] E6:seed-20260761 complete
[0389/600] R3:seed-20260760 complete
[0390/600] A1:seed-20260761 complete
[0391/600] R1:seed-20260761 complete
[0392/600] R2:seed-20260761 complete
[0393/600] S2:seed-20260760 complete
[0394/600] R3:seed-20260761 complete
[0395/600] R4:seed-20260761 complete
[0396/600] R6:seed-20260761 complete
[0397/600] S3:seed-20260760 complete
[0398/600] S4:seed-20260760 complete
[0399/600] S5:seed-20260760 complete
[0400/600] S6:seed-20260760 complete
[0401/600] A2:seed-20260761 complete
[0402/600] A3:seed-20260762 complete
[0403/600] A2:seed-20260762 complete
[0404/600] E1:seed-20260762 complete
[0405/600] E2:seed-20260762 complete
[0406/600] E3:seed-20260762 complete
[0407/600] A4:seed-20260762 complete
[0408/600] E4:seed-20260762 complete
[0409/600] A5:seed-20260762 complete
[0410/600] E5:seed-20260762 complete
[0411/600] S1:seed-20260761 complete
[0412/600] A6:seed-20260762 complete
[0413/600] E6:seed-20260762 complete
[0414/600] R1:seed-20260762 complete
[0415/600] R2:seed-20260762 complete
[0416/600] A1:seed-20260762 complete
[0417/600] R4:seed-20260762 complete
[0418/600] R5:seed-20260762 complete
[0419/600] R5:seed-20260761 complete
[0420/600] R6:seed-20260762 complete
[0421/600] S2:seed-20260761 complete
[0422/600] S3:seed-20260761 complete
[0423/600] S4:seed-20260761 complete
[0424/600] S6:seed-20260761 complete
[0425/600] S5:seed-20260761 complete
[0426/600] A3:seed-20260763 complete
[0427/600] E1:seed-20260763 complete
[0428/600] E2:seed-20260763 complete
[0429/600] E3:seed-20260763 complete
[0430/600] A2:seed-20260763 complete
[0431/600] E4:seed-20260763 complete
[0432/600] A5:seed-20260763 complete
[0433/600] E5:seed-20260763 complete
[0434/600] A6:seed-20260763 complete
[0435/600] E6:seed-20260763 complete
[0436/600] S1:seed-20260762 complete
[0437/600] S2:seed-20260762 complete
[0438/600] R2:seed-20260763 complete
[0439/600] R3:seed-20260762 complete
[0440/600] A1:seed-20260763 complete
[0441/600] R3:seed-20260763 complete
[0442/600] R4:seed-20260763 complete
[0443/600] S3:seed-20260762 complete
[0444/600] S4:seed-20260762 complete
[0445/600] S5:seed-20260762 complete
[0446/600] A2:seed-20260764 complete
[0447/600] S6:seed-20260762 complete
[0448/600] A3:seed-20260764 complete
[0449/600] A4:seed-20260764 complete
[0450/600] R1:seed-20260763 complete
[0451/600] E1:seed-20260764 complete
[0452/600] E2:seed-20260764 complete
[0453/600] A6:seed-20260764 complete
[0454/600] A4:seed-20260763 complete
[0455/600] A5:seed-20260764 complete
[0456/600] E3:seed-20260764 complete
[0457/600] S1:seed-20260763 complete
[0458/600] E4:seed-20260764 complete
[0459/600] E5:seed-20260764 complete
[0460/600] E6:seed-20260764 complete
[0461/600] R2:seed-20260764 complete
[0462/600] A1:seed-20260764 complete
[0463/600] R5:seed-20260763 complete
[0464/600] S2:seed-20260763 complete
[0465/600] R4:seed-20260764 complete
[0466/600] S3:seed-20260763 complete
[0467/600] R6:seed-20260763 complete
[0468/600] R6:seed-20260764 complete
[0469/600] S6:seed-20260763 complete
[0470/600] S4:seed-20260763 complete
[0471/600] S5:seed-20260763 complete
[0472/600] R1:seed-20260764 complete
[0473/600] E1:seed-20260765 complete
[0474/600] A3:seed-20260765 complete
[0475/600] A4:seed-20260765 complete
[0476/600] E2:seed-20260765 complete
[0477/600] A5:seed-20260765 complete
[0478/600] E3:seed-20260765 complete
[0479/600] E4:seed-20260765 complete
[0480/600] S1:seed-20260764 complete
[0481/600] E5:seed-20260765 complete
[0482/600] A1:seed-20260765 complete
[0483/600] E6:seed-20260765 complete
[0484/600] R2:seed-20260765 complete
[0485/600] R3:seed-20260765 complete
[0486/600] R3:seed-20260764 complete
[0487/600] R4:seed-20260765 complete
[0488/600] R5:seed-20260765 complete
[0489/600] S2:seed-20260764 complete
[0490/600] R6:seed-20260765 complete
[0491/600] R5:seed-20260764 complete
[0492/600] S4:seed-20260764 complete
[0493/600] S3:seed-20260764 complete
[0494/600] S5:seed-20260764 complete
[0495/600] S6:seed-20260764 complete
[0496/600] A2:seed-20260765 complete
[0497/600] A2:seed-20260766 complete
[0498/600] R1:seed-20260765 complete
[0499/600] A4:seed-20260766 complete
[0500/600] A3:seed-20260766 complete
[0501/600] A6:seed-20260765 complete
[0502/600] S1:seed-20260765 complete
[0503/600] E1:seed-20260766 complete
[0504/600] E2:seed-20260766 complete
[0505/600] A6:seed-20260766 complete
[0506/600] E3:seed-20260766 complete
[0507/600] E4:seed-20260766 complete
[0508/600] A1:seed-20260766 complete
[0509/600] E5:seed-20260766 complete
[0510/600] E6:seed-20260766 complete
[0511/600] R2:seed-20260766 complete
[0512/600] R3:seed-20260766 complete
[0513/600] R4:seed-20260766 complete
[0514/600] S2:seed-20260765 complete
[0515/600] R6:seed-20260766 complete
[0516/600] S3:seed-20260765 complete
[0517/600] S4:seed-20260765 complete
[0518/600] S6:seed-20260765 complete
[0519/600] S5:seed-20260765 complete
[0520/600] A3:seed-20260767 complete
[0521/600] R1:seed-20260766 complete
[0522/600] E1:seed-20260767 complete
[0523/600] E2:seed-20260767 complete
[0524/600] S1:seed-20260766 complete
[0525/600] E3:seed-20260767 complete
[0526/600] A5:seed-20260767 complete
[0527/600] E4:seed-20260767 complete
[0528/600] A5:seed-20260766 complete
[0529/600] E5:seed-20260767 complete
[0530/600] E6:seed-20260767 complete
[0531/600] A1:seed-20260767 complete
[0532/600] R2:seed-20260767 complete
[0533/600] R3:seed-20260767 complete
[0534/600] R5:seed-20260766 complete
[0535/600] R4:seed-20260767 complete
[0536/600] S2:seed-20260766 complete
[0537/600] R5:seed-20260767 complete
[0538/600] R6:seed-20260767 complete
[0539/600] S3:seed-20260766 complete
[0540/600] S4:seed-20260766 complete
[0541/600] S5:seed-20260766 complete
[0542/600] S6:seed-20260766 complete
[0543/600] A2:seed-20260767 complete
[0544/600] R1:seed-20260767 complete
[0545/600] A3:seed-20260768 complete
[0546/600] A4:seed-20260767 complete
[0547/600] A4:seed-20260768 complete
[0548/600] E1:seed-20260768 complete
[0549/600] A6:seed-20260767 complete
[0550/600] A5:seed-20260768 complete
[0551/600] E2:seed-20260768 complete
[0552/600] S1:seed-20260767 complete
[0553/600] E3:seed-20260768 complete
[0554/600] A6:seed-20260768 complete
[0555/600] E4:seed-20260768 complete
[0556/600] E5:seed-20260768 complete
[0557/600] E6:seed-20260768 complete
[0558/600] A1:seed-20260768 complete
[0559/600] R2:seed-20260768 complete
[0560/600] R3:seed-20260768 complete
[0561/600] R4:seed-20260768 complete
[0562/600] R5:seed-20260768 complete
[0563/600] S2:seed-20260767 complete
[0564/600] R6:seed-20260768 complete
[0565/600] S3:seed-20260767 complete
[0566/600] S4:seed-20260767 complete
[0567/600] S5:seed-20260767 complete
[0568/600] S6:seed-20260767 complete
[0569/600] A2:seed-20260768 complete
[0570/600] R1:seed-20260768 complete
[0571/600] A3:seed-20260769 complete
[0572/600] E1:seed-20260769 complete
[0573/600] A4:seed-20260769 complete
[0574/600] E2:seed-20260769 complete
[0575/600] A6:seed-20260769 complete
[0576/600] E3:seed-20260769 complete
[0577/600] A5:seed-20260769 complete
[0578/600] E4:seed-20260769 complete
[0579/600] E5:seed-20260769 complete
[0580/600] S1:seed-20260768 complete
[0581/600] E6:seed-20260769 complete
[0582/600] A1:seed-20260769 complete
[0583/600] S2:seed-20260768 complete
[0584/600] R5:seed-20260769 complete
[0585/600] R4:seed-20260769 complete
[0586/600] R6:seed-20260769 complete
[0587/600] S3:seed-20260768 complete
[0588/600] S4:seed-20260768 complete
[0589/600] S6:seed-20260768 complete
[0590/600] S5:seed-20260768 complete
[0591/600] A2:seed-20260769 complete
[0592/600] R1:seed-20260769 complete
[0593/600] S1:seed-20260769 complete
[0594/600] S2:seed-20260769 complete
[0595/600] R3:seed-20260769 complete
[0596/600] R2:seed-20260769 complete
[0597/600] S3:seed-20260769 complete
[0598/600] S4:seed-20260769 complete
[0599/600] S5:seed-20260769 complete
[0600/600] S6:seed-20260769 complete
{"all_terminal_fes_exact": true, "case_summaries": [{"case_id": "A1", "mean_final_error": 77758.03239750463, "mean_final_error_sci": "7.78e+04", "sample_std_final_error": 180.03453211616267, "sample_std_final_error_sci": "1.80e+02", "seed_count": 25, "selection_counts": {"smp": 25}}, {"case_id": "A2", "mean_final_error": 78567.30662511969, "mean_final_error_sci": "7.86e+04", "sample_std_final_error": 616.6750642793612, "sample_std_final_error_sci": "6.17e+02", "seed_count": 25, "selection_counts": {"ctp": 3, "gcb": 11, "smp": 11}}, {"case_id": "A3", "mean_final_error": 78473.07417183238, "mean_final_error_sci": "7.85e+04", "sample_std_final_error": 390.2012284060872, "sample_std_final_error_sci": "3.90e+02", "seed_count": 25, "selection_counts": {"ctp": 10, "gcb": 10, "smp": 5}}, {"case_id": "A4", "mean_final_error": 78465.5408278152, "mean_final_error_sci": "7.85e+04", "sample_std_final_error": 457.49176110490845, "sample_std_final_error_sci": "4.57e+02", "seed_count": 25, "selection_counts": {"ctp": 11, "gcb": 10, "smp": 4}}, {"case_id": "A5", "mean_final_error": 78531.90560086785, "mean_final_error_sci": "7.85e+04", "sample_std_final_error": 234.6134665193738, "sample_std_final_error_sci": "2.35e+02", "seed_count": 25, "selection_counts": {"ctp": 9, "gcb": 11, "smp": 5}}, {"case_id": "A6", "mean_final_error": 78395.8807901862, "mean_final_error_sci": "7.84e+04", "sample_std_final_error": 464.61974501185864, "sample_std_final_error_sci": "4.65e+02", "seed_count": 25, "selection_counts": {"aor": 1, "ctp": 7, "gcb": 11, "smp": 6}}, {"case_id": "E1", "mean_final_error": 11611934.70707771, "mean_final_error_sci": "1.16e+07", "sample_std_final_error": 9230248.94996376, "sample_std_final_error_sci": "9.23e+06", "seed_count": 25, "selection_counts": {"ctp": 24, "smp": 1}}, {"case_id": "E2", "mean_final_error": 9516134.961915845, "mean_final_error_sci": "9.52e+06", "sample_std_final_error": 854474.3310023686, "sample_std_final_error_sci": "8.54e+05", "seed_count": 25, "selection_counts": {"ctp": 25}}, {"case_id": "E3", "mean_final_error": 10439779.77080505, "mean_final_error_sci": "1.04e+07", "sample_std_final_error": 740199.096779714, "sample_std_final_error_sci": "7.40e+05", "seed_count": 25, "selection_counts": {"ctp": 25}}, {"case_id": "E4", "mean_final_error": 9863777.565810038, "mean_final_error_sci": "9.86e+06", "sample_std_final_error": 875157.1099408258, "sample_std_final_error_sci": "8.75e+05", "seed_count": 25, "selection_counts": {"ctp": 25}}, {"case_id": "E5", "mean_final_error": 12019168.213237073, "mean_final_error_sci": "1.20e+07", "sample_std_final_error": 1412707.5371840666, "sample_std_final_error_sci": "1.41e+06", "seed_count": 25, "selection_counts": {"ctp": 25}}, {"case_id": "E6", "mean_final_error": 11084976.198722387, "mean_final_error_sci": "1.11e+07", "sample_std_final_error": 1156226.9764515648, "sample_std_final_error_sci": "1.16e+06", "seed_count": 25, "selection_counts": {"ctp": 25}}, {"case_id": "R1", "mean_final_error": 329454.63241114275, "mean_final_error_sci": "3.29e+05", "sample_std_final_error": 44348.402546247344, "sample_std_final_error_sci": "4.43e+04", "seed_count": 25, "selection_counts": {"gcb": 5, "smp": 20}}, {"case_id": "R2", "mean_final_error": 498481.71462367324, "mean_final_error_sci": "4.98e+05", "sample_std_final_error": 468603.53272365587, "sample_std_final_error_sci": "4.69e+05", "seed_count": 25, "selection_counts": {"gcb": 21, "smp": 4}}, {"case_id": "R3", "mean_final_error": 672590.8867450166, "mean_final_error_sci": "6.73e+05", "sample_std_final_error": 538757.4943771122, "sample_std_final_error_sci": "5.39e+05", "seed_count": 25, "selection_counts": {"gcb": 17, "smp": 8}}, {"case_id": "R4", "mean_final_error": 421986.4010772363, "mean_final_error_sci": "4.22e+05", "sample_std_final_error": 188874.27601667997, "sample_std_final_error_sci": "1.89e+05", "seed_count": 25, "selection_counts": {"gcb": 24, "smp": 1}}, {"case_id": "R5", "mean_final_error": 933292.7454458871, "mean_final_error_sci": "9.33e+05", "sample_std_final_error": 578807.5185124219, "sample_std_final_error_sci": "5.79e+05", "seed_count": 25, "selection_counts": {"ctp": 1, "gcb": 13, "smp": 11}}, {"case_id": "R6", "mean_final_error": 486109.1075461356, "mean_final_error_sci": "4.86e+05", "sample_std_final_error": 267529.6100100173, "sample_std_final_error_sci": "2.68e+05", "seed_count": 25, "selection_counts": {"gcb": 23, "smp": 2}}, {"case_id": "S1", "mean_final_error": 6499.948940068928, "mean_final_error_sci": "6.50e+03", "sample_std_final_error": 22433.811574665244, "sample_std_final_error_sci": "2.24e+04", "seed_count": 25, "selection_counts": {"smp": 25}}, {"case_id": "S2", "mean_final_error": 6946.9196836996925, "mean_final_error_sci": "6.95e+03", "sample_std_final_error": 2569.5379421153343, "sample_std_final_error_sci": "2.57e+03", "seed_count": 25, "selection_counts": {"smp": 25}}, {"case_id": "S3", "mean_final_error": 7360.108807978283, "mean_final_error_sci": "7.36e+03", "sample_std_final_error": 1227.3738074824835, "sample_std_final_error_sci": "1.23e+03", "seed_count": 25, "selection_counts": {"smp": 25}}, {"case_id": "S4", "mean_final_error": 7987.173115150386, "mean_final_error_sci": "7.99e+03", "sample_std_final_error": 1350.1179213061819, "sample_std_final_error_sci": "1.35e+03", "seed_count": 25, "selection_counts": {"smp": 25}}, {"case_id": "S5", "mean_final_error": 9283.361145017509, "mean_final_error_sci": "9.28e+03", "sample_std_final_error": 1440.177776256012, "sample_std_final_error_sci": "1.44e+03", "seed_count": 25, "selection_counts": {"smp": 25}}, {"case_id": "S6", "mean_final_error": 10809.368874845912, "mean_final_error_sci": "1.08e+04", "sample_std_final_error": 12620.554011946284, "sample_std_final_error_sci": "1.26e+04", "seed_count": 25, "selection_counts": {"gcb": 1, "smp": 24}}], "completed_context_count": 600, "context_count": 600, "generated_at_utc": "2026-08-01T19:17:31.654094+00:00", "max_workers": 28, "phase1_fes": 180000, "schema_version": "arac-independent-summary-v1", "selected_action_only": true, "selection_counts": {"aor": 1, "ctp": 190, "gcb": 157, "smp": 252}, "selector_input_contains_case_or_family_identity": false}
