[0024/600] R2:seed-118 complete
[0025/600] S2:seed-118 complete
[0026/600] R3:seed-118 complete
[0027/600] R1:seed-118 complete
[0028/600] S3:seed-118 complete
[0029/600] R4:seed-118 complete
[0030/600] S1:seed-118 complete
[0031/600] E1:seed-118 complete
[0032/600] S4:seed-118 complete
[0033/600] A2:seed-118 complete
[0034/600] R5:seed-118 complete
[0035/600] A3:seed-118 complete
[0036/600] E2:seed-118 complete
[0037/600] E3:seed-118 complete
[0038/600] S5:seed-118 complete
[0039/600] R6:seed-118 complete
[0040/600] E4:seed-118 complete
[0041/600] S6:seed-118 complete
[0042/600] E5:seed-118 complete
[0043/600] A5:seed-118 complete
[0044/600] E6:seed-118 complete
[0045/600] A1:seed-118 complete
[0046/600] A4:seed-118 complete
[0047/600] A4:seed-117 complete
[0048/600] S2:seed-119 complete
[0049/600] E2:seed-119 complete
[0050/600] E1:seed-119 complete
[0051/600] R1:seed-119 complete
[0052/600] S3:seed-119 complete
[0053/600] E3:seed-119 complete
[0054/600] S1:seed-119 complete
[0055/600] S4:seed-119 complete
[0056/600] R2:seed-119 complete
[0057/600] R3:seed-119 complete
[0058/600] E4:seed-119 complete
[0059/600] S5:seed-119 complete
[0060/600] E5:seed-119 complete
[0061/600] R4:seed-119 complete
[0062/600] R5:seed-119 complete
[0063/600] A2:seed-119 complete
[0064/600] S6:seed-119 complete
[0065/600] R6:seed-119 complete
[0066/600] E6:seed-119 complete
[0067/600] A3:seed-119 complete
[0068/600] A1:seed-119 complete
[0069/600] A6:seed-118 complete
[0070/600] A4:seed-119 complete
[0071/600] S2:seed-120 complete
[0072/600] E1:seed-120 complete
[0073/600] E2:seed-120 complete
[0074/600] S1:seed-120 complete
[0075/600] S3:seed-120 complete
[0076/600] A5:seed-119 complete
[0077/600] S4:seed-120 complete
[0078/600] E3:seed-120 complete
[0079/600] E4:seed-120 complete
[0080/600] E5:seed-120 complete
[0081/600] R2:seed-120 complete
[0082/600] S5:seed-120 complete
[0083/600] R3:seed-120 complete
[0084/600] R1:seed-120 complete
[0085/600] A6:seed-119 complete
[0086/600] E6:seed-120 complete
[0087/600] R4:seed-120 complete
[0088/600] S6:seed-120 complete
[0089/600] R5:seed-120 complete
[0090/600] R6:seed-120 complete
[0091/600] A2:seed-120 complete
[0092/600] A1:seed-120 complete
[0093/600] A3:seed-120 complete
[0094/600] S2:seed-121 complete
[0095/600] A4:seed-120 complete
[0096/600] E2:seed-121 complete
[0097/600] S3:seed-121 complete
[0098/600] S1:seed-121 complete
[0099/600] E1:seed-121 complete
[0100/600] E3:seed-121 complete
[0101/600] R1:seed-121 complete
[0102/600] S4:seed-121 complete
[0103/600] R2:seed-121 complete
[0104/600] R3:seed-121 complete
[0105/600] E4:seed-121 complete
[0106/600] S5:seed-121 complete
[0107/600] E5:seed-121 complete
[0108/600] S6:seed-121 complete
[0109/600] E6:seed-121 complete
[0110/600] R4:seed-121 complete
[0111/600] R5:seed-121 complete
[0112/600] R6:seed-121 complete
[0113/600] A2:seed-121 complete
[0114/600] A3:seed-121 complete
[0115/600] A5:seed-120 complete
[0116/600] A1:seed-121 complete
[0117/600] S2:seed-122 complete
[0118/600] E1:seed-122 complete
[0119/600] E2:seed-122 complete
[0120/600] A4:seed-121 complete
[0121/600] S3:seed-122 complete
[0122/600] E3:seed-122 complete
[0123/600] S1:seed-122 complete
[0124/600] A5:seed-121 complete
[0125/600] S4:seed-122 complete
[0126/600] S5:seed-122 complete
[0127/600] E4:seed-122 complete
[0128/600] R2:seed-122 complete
[0129/600] A6:seed-120 complete
[0130/600] R1:seed-122 complete
[0131/600] E5:seed-122 complete
[0132/600] E6:seed-122 complete
[0133/600] R3:seed-122 complete
[0134/600] S6:seed-122 complete
[0135/600] R4:seed-122 complete
[0136/600] R5:seed-122 complete
[0137/600] A2:seed-122 complete
[0138/600] R6:seed-122 complete
[0139/600] A6:seed-121 complete
[0140/600] A3:seed-122 complete
[0141/600] S2:seed-123 complete
[0142/600] E1:seed-123 complete
[0143/600] S3:seed-123 complete
[0144/600] A4:seed-122 complete
[0145/600] E2:seed-123 complete
[0146/600] S1:seed-123 complete
[0147/600] E3:seed-123 complete
[0148/600] S4:seed-123 complete
[0149/600] E4:seed-123 complete
[0150/600] R1:seed-123 complete
[0151/600] R2:seed-123 complete
[0152/600] S5:seed-123 complete
[0153/600] E5:seed-123 complete
[0154/600] E6:seed-123 complete
[0155/600] S6:seed-123 complete
[0156/600] R3:seed-123 complete
[0157/600] A1:seed-122 complete
[0158/600] R4:seed-123 complete
[0159/600] R5:seed-123 complete
[0160/600] R6:seed-123 complete
[0161/600] A5:seed-122 complete
[0162/600] A2:seed-123 complete
[0163/600] A3:seed-123 complete
[0164/600] A6:seed-122 complete
[0165/600] S2:seed-124 complete
[0166/600] E2:seed-124 complete
[0167/600] E3:seed-124 complete
[0168/600] S1:seed-124 complete
[0169/600] S3:seed-124 complete
[0170/600] E1:seed-124 complete
[0171/600] E4:seed-124 complete
[0172/600] A5:seed-123 complete
[0173/600] S4:seed-124 complete
[0174/600] A6:seed-123 complete
[0175/600] E5:seed-124 complete
[0176/600] S5:seed-124 complete
[0177/600] E6:seed-124 complete
[0178/600] S6:seed-124 complete
[0179/600] R1:seed-124 complete
[0180/600] A1:seed-123 complete
[0181/600] R2:seed-124 complete
[0182/600] R3:seed-124 complete
[0183/600] A4:seed-123 complete
[0184/600] R4:seed-124 complete
[0185/600] R5:seed-124 complete
[0186/600] A2:seed-124 complete
[0187/600] R6:seed-124 complete
[0188/600] A3:seed-124 complete
[0189/600] E1:seed-125 complete
[0190/600] E2:seed-125 complete
[0191/600] E3:seed-125 complete
[0192/600] A4:seed-124 complete
[0193/600] S2:seed-125 complete
[0194/600] S3:seed-125 complete
[0195/600] A5:seed-124 complete
[0196/600] S1:seed-125 complete
[0197/600] E4:seed-125 complete
[0198/600] A6:seed-124 complete
[0199/600] E5:seed-125 complete
[0200/600] S4:seed-125 complete
[0201/600] E6:seed-125 complete
[0202/600] S5:seed-125 complete
[0203/600] A1:seed-124 complete
[0204/600] S6:seed-125 complete
[0205/600] R1:seed-125 complete
[0206/600] R2:seed-125 complete
[0207/600] R3:seed-125 complete
[0208/600] R4:seed-125 complete
[0209/600] R5:seed-125 complete
[0210/600] A2:seed-125 complete
[0211/600] A3:seed-125 complete
[0212/600] R6:seed-125 complete
[0213/600] E2:seed-126 complete
[0214/600] A4:seed-125 complete
[0215/600] E3:seed-126 complete
[0216/600] S2:seed-126 complete
[0217/600] E1:seed-126 complete
[0218/600] E4:seed-126 complete
[0219/600] S1:seed-126 complete
[0220/600] A5:seed-125 complete
[0221/600] E5:seed-126 complete
[0222/600] E6:seed-126 complete
[0223/600] S3:seed-126 complete
[0224/600] S4:seed-126 complete
[0225/600] A1:seed-125 complete
[0226/600] S5:seed-126 complete
[0227/600] S6:seed-126 complete
[0228/600] R1:seed-126 complete
[0229/600] R2:seed-126 complete
[0230/600] R3:seed-126 complete
[0231/600] R4:seed-126 complete
[0232/600] R5:seed-126 complete
[0233/600] A2:seed-126 complete
[0234/600] R6:seed-126 complete
[0235/600] A3:seed-126 complete
[0236/600] E2:seed-127 complete
[0237/600] E1:seed-127 complete
[0238/600] A4:seed-126 complete
[0239/600] A5:seed-126 complete
[0240/600] E3:seed-127 complete
[0241/600] E4:seed-127 complete
[0242/600] E5:seed-127 complete
[0243/600] S1:seed-127 complete
[0244/600] S2:seed-127 complete
[0245/600] E6:seed-127 complete
[0246/600] A6:seed-125 complete
[0247/600] S3:seed-127 complete
[0248/600] S4:seed-127 complete
[0249/600] A1:seed-126 complete
[0250/600] S5:seed-127 complete
[0251/600] R1:seed-127 complete
[0252/600] S6:seed-127 complete
[0253/600] R2:seed-127 complete
[0254/600] R3:seed-127 complete
[0255/600] R4:seed-127 complete
[0256/600] A6:seed-126 complete
[0257/600] R5:seed-127 complete
[0258/600] R6:seed-127 complete
[0259/600] A2:seed-127 complete
[0260/600] A3:seed-127 complete
[0261/600] A4:seed-127 complete
[0262/600] E2:seed-128 complete
[0263/600] E1:seed-128 complete
[0264/600] A5:seed-127 complete
[0265/600] E3:seed-128 complete
[0266/600] E4:seed-128 complete
[0267/600] A6:seed-127 complete
[0268/600] E5:seed-128 complete
[0269/600] S2:seed-128 complete
[0270/600] S1:seed-128 complete
[0271/600] S3:seed-128 complete
[0272/600] A1:seed-127 complete
[0273/600] S4:seed-128 complete
[0274/600] E6:seed-128 complete
[0275/600] R1:seed-128 complete
[0276/600] S5:seed-128 complete
[0277/600] S6:seed-128 complete
[0278/600] R2:seed-128 complete
[0279/600] R3:seed-128 complete
[0280/600] R4:seed-128 complete
[0281/600] R5:seed-128 complete
[0282/600] A2:seed-128 complete
[0283/600] A1:seed-128 complete
[0284/600] A3:seed-128 complete
[0285/600] R6:seed-128 complete
[0286/600] E1:seed-129 complete
[0287/600] E2:seed-129 complete
[0288/600] A4:seed-128 complete
[0289/600] E3:seed-129 complete
[0290/600] A5:seed-128 complete
[0291/600] E4:seed-129 complete
[0292/600] S1:seed-129 complete
[0293/600] E5:seed-129 complete
[0294/600] S2:seed-129 complete
[0295/600] E6:seed-129 complete
[0296/600] S3:seed-129 complete
[0297/600] S4:seed-129 complete
[0298/600] S5:seed-129 complete
[0299/600] S6:seed-129 complete
[0300/600] R2:seed-129 complete
[0301/600] R1:seed-129 complete
[0302/600] R3:seed-129 complete
[0303/600] R4:seed-129 complete
[0304/600] R5:seed-129 complete
[0305/600] R6:seed-129 complete
[0306/600] A2:seed-129 complete
[0307/600] A3:seed-129 complete
[0308/600] A4:seed-129 complete
[0309/600] E2:seed-130 complete
[0310/600] E1:seed-130 complete
[0311/600] A5:seed-129 complete
[0312/600] E3:seed-130 complete
[0313/600] S2:seed-130 complete
[0314/600] S1:seed-130 complete
[0315/600] S3:seed-130 complete
[0316/600] E4:seed-130 complete
[0317/600] E5:seed-130 complete
[0318/600] A6:seed-128 complete
[0319/600] E6:seed-130 complete
[0320/600] A1:seed-129 complete
[0321/600] S4:seed-130 complete
[0322/600] S5:seed-130 complete
[0323/600] R1:seed-130 complete
[0324/600] S6:seed-130 complete
[0325/600] R2:seed-130 complete
[0326/600] R3:seed-130 complete
[0327/600] R4:seed-130 complete
[0328/600] R5:seed-130 complete
[0329/600] R6:seed-130 complete
[0330/600] A2:seed-130 complete
[0331/600] A6:seed-129 complete
[0332/600] A3:seed-130 complete
[0333/600] A4:seed-130 complete
[0334/600] E1:seed-131 complete
[0335/600] A5:seed-130 complete
[0336/600] E2:seed-131 complete
[0337/600] S2:seed-131 complete
[0338/600] S1:seed-131 complete
[0339/600] E4:seed-131 complete
[0340/600] E3:seed-131 complete
[0341/600] A6:seed-130 complete
[0342/600] E5:seed-131 complete
[0343/600] E6:seed-131 complete
[0344/600] A1:seed-130 complete
[0345/600] S3:seed-131 complete
[0346/600] S5:seed-131 complete
[0347/600] S4:seed-131 complete
[0348/600] R1:seed-131 complete
[0349/600] S6:seed-131 complete
[0350/600] R2:seed-131 complete
[0351/600] R3:seed-131 complete
[0352/600] R4:seed-131 complete
[0353/600] R5:seed-131 complete
[0354/600] A2:seed-131 complete
[0355/600] R6:seed-131 complete
[0356/600] A4:seed-131 complete
[0357/600] E2:seed-132 complete
[0358/600] E1:seed-132 complete
[0359/600] A5:seed-131 complete
[0360/600] S2:seed-132 complete
[0361/600] E3:seed-132 complete
[0362/600] E5:seed-132 complete
[0363/600] E4:seed-132 complete
[0364/600] A6:seed-131 complete
[0365/600] S3:seed-132 complete
[0366/600] S1:seed-132 complete
[0367/600] E6:seed-132 complete
[0368/600] A1:seed-131 complete
[0369/600] S4:seed-132 complete
[0370/600] S5:seed-132 complete
[0371/600] R1:seed-132 complete
[0372/600] R2:seed-132 complete
[0373/600] S6:seed-132 complete
[0374/600] R3:seed-132 complete
[0375/600] R4:seed-132 complete
[0376/600] A3:seed-131 complete
[0377/600] R5:seed-132 complete
[0378/600] R6:seed-132 complete
[0379/600] A2:seed-132 complete
[0380/600] A3:seed-132 complete
[0381/600] E2:seed-133 complete
[0382/600] A4:seed-132 complete
[0383/600] E3:seed-133 complete
[0384/600] E1:seed-133 complete
[0385/600] A5:seed-132 complete
[0386/600] E4:seed-133 complete
[0387/600] E5:seed-133 complete
[0388/600] S1:seed-133 complete
[0389/600] S2:seed-133 complete
[0390/600] A6:seed-132 complete
[0391/600] E6:seed-133 complete
[0392/600] S3:seed-133 complete
[0393/600] S4:seed-133 complete
[0394/600] A1:seed-132 complete
[0395/600] S5:seed-133 complete
[0396/600] R1:seed-133 complete
[0397/600] S6:seed-133 complete
[0398/600] R2:seed-133 complete
[0399/600] R3:seed-133 complete
[0400/600] R4:seed-133 complete
[0401/600] R5:seed-133 complete
[0402/600] R6:seed-133 complete
[0403/600] A2:seed-133 complete
[0404/600] A3:seed-133 complete
[0405/600] E1:seed-134 complete
[0406/600] E2:seed-134 complete
[0407/600] E3:seed-134 complete
[0408/600] S2:seed-134 complete
[0409/600] S1:seed-134 complete
[0410/600] E4:seed-134 complete
[0411/600] E5:seed-134 complete
[0412/600] A6:seed-133 complete
[0413/600] E6:seed-134 complete
[0414/600] S3:seed-134 complete
[0415/600] S4:seed-134 complete
[0416/600] R1:seed-134 complete
[0417/600] S5:seed-134 complete
[0418/600] R2:seed-134 complete
[0419/600] S6:seed-134 complete
[0420/600] A1:seed-133 complete
[0421/600] R3:seed-134 complete
[0422/600] R4:seed-134 complete
[0423/600] R5:seed-134 complete
[0424/600] A4:seed-133 complete
[0425/600] A5:seed-133 complete
[0426/600] R6:seed-134 complete
[0427/600] A2:seed-134 complete
[0428/600] A3:seed-134 complete
[0429/600] A4:seed-134 complete
[0430/600] E2:seed-135 complete
[0431/600] E1:seed-135 complete
[0432/600] A5:seed-134 complete
[0433/600] E3:seed-135 complete
[0434/600] E4:seed-135 complete
[0435/600] S1:seed-135 complete
[0436/600] E5:seed-135 complete
[0437/600] S2:seed-135 complete
[0438/600] E6:seed-135 complete
[0439/600] S3:seed-135 complete
[0440/600] S4:seed-135 complete
[0441/600] A1:seed-134 complete
[0442/600] S5:seed-135 complete
[0443/600] S6:seed-135 complete
[0444/600] R1:seed-135 complete
[0445/600] R2:seed-135 complete
[0446/600] R3:seed-135 complete
[0447/600] R4:seed-135 complete
[0448/600] R5:seed-135 complete
[0449/600] R6:seed-135 complete
[0450/600] A2:seed-135 complete
[0451/600] A6:seed-134 complete
[0452/600] A3:seed-135 complete
[0453/600] E1:seed-136 complete
[0454/600] E2:seed-136 complete
[0455/600] A4:seed-135 complete
[0456/600] A5:seed-135 complete
[0457/600] E3:seed-136 complete
[0458/600] A6:seed-135 complete
[0459/600] E4:seed-136 complete
[0460/600] E5:seed-136 complete
[0461/600] S1:seed-136 complete
[0462/600] S2:seed-136 complete
[0463/600] S3:seed-136 complete
[0464/600] S4:seed-136 complete
[0465/600] A1:seed-135 complete
[0466/600] E6:seed-136 complete
[0467/600] S5:seed-136 complete
[0468/600] R1:seed-136 complete
[0469/600] S6:seed-136 complete
[0470/600] R2:seed-136 complete
[0471/600] R3:seed-136 complete
[0472/600] R4:seed-136 complete
[0473/600] R5:seed-136 complete
[0474/600] R6:seed-136 complete
[0475/600] A2:seed-136 complete
[0476/600] A3:seed-136 complete
[0477/600] A5:seed-136 complete
[0478/600] E1:seed-137 complete
[0479/600] E2:seed-137 complete
[0480/600] E3:seed-137 complete
[0481/600] S1:seed-137 complete
[0482/600] S2:seed-137 complete
[0483/600] E4:seed-137 complete
[0484/600] S3:seed-137 complete
[0485/600] E5:seed-137 complete
[0486/600] S4:seed-137 complete
[0487/600] E6:seed-137 complete
[0488/600] S5:seed-137 complete
[0489/600] A1:seed-136 complete
[0490/600] R1:seed-137 complete
[0491/600] R2:seed-137 complete
[0492/600] S6:seed-137 complete
[0493/600] R3:seed-137 complete
[0494/600] A4:seed-136 complete
[0495/600] R4:seed-137 complete
[0496/600] R5:seed-137 complete
[0497/600] R6:seed-137 complete
[0498/600] A2:seed-137 complete
[0499/600] A6:seed-136 complete
[0500/600] A3:seed-137 complete
[0501/600] A4:seed-137 complete
[0502/600] E1:seed-138 complete
[0503/600] E2:seed-138 complete
[0504/600] E3:seed-138 complete
[0505/600] S1:seed-138 complete
[0506/600] A6:seed-137 complete
[0507/600] S2:seed-138 complete
[0508/600] E4:seed-138 complete
[0509/600] S3:seed-138 complete
[0510/600] E5:seed-138 complete
[0511/600] A1:seed-137 complete
[0512/600] E6:seed-138 complete
[0513/600] S4:seed-138 complete
[0514/600] S5:seed-138 complete
[0515/600] S6:seed-138 complete
[0516/600] R1:seed-138 complete
[0517/600] R2:seed-138 complete
[0518/600] R3:seed-138 complete
[0519/600] R4:seed-138 complete
[0520/600] R5:seed-138 complete
[0521/600] R6:seed-138 complete
[0522/600] A5:seed-137 complete
[0523/600] A2:seed-138 complete
[0524/600] A3:seed-138 complete
[0525/600] E1:seed-139 complete
[0526/600] A5:seed-138 complete
[0527/600] E2:seed-139 complete
[0528/600] E3:seed-139 complete
[0529/600] E4:seed-139 complete
[0530/600] S2:seed-139 complete
[0531/600] E5:seed-139 complete
[0532/600] S1:seed-139 complete
[0533/600] S3:seed-139 complete
[0534/600] E6:seed-139 complete
[0535/600] A1:seed-138 complete
[0536/600] S4:seed-139 complete
[0537/600] S5:seed-139 complete
[0538/600] S6:seed-139 complete
[0539/600] R1:seed-139 complete
[0540/600] R2:seed-139 complete
[0541/600] R3:seed-139 complete
[0542/600] R4:seed-139 complete
[0543/600] R5:seed-139 complete
[0544/600] A4:seed-138 complete
[0545/600] R6:seed-139 complete
[0546/600] A3:seed-139 complete
[0547/600] A4:seed-139 complete
[0548/600] E2:seed-140 complete
[0549/600] A6:seed-138 complete
[0550/600] E1:seed-140 complete
[0551/600] A5:seed-139 complete
[0552/600] E3:seed-140 complete
[0553/600] E4:seed-140 complete
[0554/600] S1:seed-140 complete
[0555/600] E5:seed-140 complete
[0556/600] S2:seed-140 complete
[0557/600] A1:seed-139 complete
[0558/600] E6:seed-140 complete
[0559/600] S3:seed-140 complete
[0560/600] S4:seed-140 complete
[0561/600] S5:seed-140 complete
[0562/600] S6:seed-140 complete
[0563/600] R1:seed-140 complete
[0564/600] R2:seed-140 complete
[0565/600] R3:seed-140 complete
[0566/600] A2:seed-139 complete
[0567/600] R4:seed-140 complete
[0568/600] R5:seed-140 complete
[0569/600] R6:seed-140 complete
[0570/600] A2:seed-140 complete
[0571/600] A3:seed-140 complete
[0572/600] A6:seed-139 complete
[0573/600] A4:seed-140 complete
[0574/600] A5:seed-140 complete
[0575/600] E1:seed-141 complete
[0576/600] E2:seed-141 complete
[0577/600] E3:seed-141 complete
[0578/600] E5:seed-141 complete
[0579/600] E4:seed-141 complete
[0580/600] S1:seed-141 complete
[0581/600] E6:seed-141 complete
[0582/600] A1:seed-140 complete
[0583/600] S2:seed-141 complete
[0584/600] S3:seed-141 complete
[0585/600] S4:seed-141 complete
[0586/600] S5:seed-141 complete
[0587/600] S6:seed-141 complete
[0588/600] R1:seed-141 complete
[0589/600] R2:seed-141 complete
[0590/600] R3:seed-141 complete
[0591/600] R4:seed-141 complete
[0592/600] R5:seed-141 complete
[0593/600] R6:seed-141 complete
[0594/600] A2:seed-141 complete
[0595/600] A3:seed-141 complete
[0596/600] A5:seed-141 complete
[0597/600] A6:seed-140 complete
[0598/600] A6:seed-141 complete
[0599/600] A1:seed-141 complete
[0600/600] A4:seed-141 complete
{"all_checkpoint_bindings_exact": true, "all_terminal_fes_exact": true, "case_count": 24, "case_summaries": [{"case_id": "E1", "mean_final_error": 5134995.759864214, "mean_minus_reference": 4565995.759864214, "mean_ratio_to_reference": 9.0245971175118, "recovered_or_exceeded": false, "reference_mean": 569000.0, "reference_raw": "5.69E+05 +/- 1.57E+06", "reference_sample_std": 1570000.0, "sample_std_final_error": 8065397.824486415, "seed_count": 25, "selection_counts": {"smp": 25}}, {"case_id": "E2", "mean_final_error": 15117734.037224775, "mean_minus_reference": 9497734.037224775, "mean_ratio_to_reference": 2.6899882628513834, "recovered_or_exceeded": false, "reference_mean": 5620000.0, "reference_raw": "5.62E+06 +/- 3.78E+06", "reference_sample_std": 3780000.0, "sample_std_final_error": 8835532.307023808, "seed_count": 25, "selection_counts": {"gcb": 25}}, {"case_id": "E3", "mean_final_error": 38820097.26273433, "mean_minus_reference": 25420097.26273433, "mean_ratio_to_reference": 2.8970221837861443, "recovered_or_exceeded": false, "reference_mean": 13400000.0, "reference_raw": "1.34E+07 +/- 5.20E+06", "reference_sample_std": 5200000.0, "sample_std_final_error": 16355779.475814864, "seed_count": 25, "selection_counts": {"gcb": 25}}, {"case_id": "E4", "mean_final_error": 51333341.58258851, "mean_minus_reference": 25233341.58258851, "mean_ratio_to_reference": 1.9667946966509007, "recovered_or_exceeded": false, "reference_mean": 26100000.0, "reference_raw": "2.61E+07 +/- 9.35E+06", "reference_sample_std": 9350000.0, "sample_std_final_error": 21477905.074211054, "seed_count": 25, "selection_counts": {"gcb": 25}}, {"case_id": "E5", "mean_final_error": 72088132.68323465, "mean_minus_reference": 42288132.68323465, "mean_ratio_to_reference": 2.419064855142102, "recovered_or_exceeded": false, "reference_mean": 29800000.0, "reference_raw": "2.98E+07 +/- 9.18E+06", "reference_sample_std": 9180000.0, "sample_std_final_error": 29724440.009742178, "seed_count": 25, "selection_counts": {"gcb": 25}}, {"case_id": "E6", "mean_final_error": 91479801.218404, "mean_minus_reference": 59579801.218403995, "mean_ratio_to_reference": 2.8677053673480875, "recovered_or_exceeded": false, "reference_mean": 31900000.0, "reference_raw": "3.19E+07 +/- 6.54E+06", "reference_sample_std": 6540000.0, "sample_std_final_error": 30067418.17886506, "seed_count": 25, "selection_counts": {"gcb": 25}}, {"case_id": "S1", "mean_final_error": 7.979007705473325e-06, "mean_minus_reference": -1.0399920209922946, "mean_ratio_to_reference": 7.67212279372435e-06, "recovered_or_exceeded": true, "reference_mean": 1.04, "reference_raw": "1.04E+00 +/- 5.12E+00", "reference_sample_std": 5.12, "sample_std_final_error": 2.1070533247545824e-05, "seed_count": 25, "selection_counts": {"smp": 25}}, {"case_id": "S2", "mean_final_error": 59169.26043262548, "mean_minus_reference": 58357.26043262548, "mean_ratio_to_reference": 72.86854733081955, "recovered_or_exceeded": false, "reference_mean": 812.0, "reference_raw": "8.12E+02 +/- 5.82E+02", "reference_sample_std": 582.0, "sample_std_final_error": 53009.90276392708, "seed_count": 25, "selection_counts": {"gcb": 25}}, {"case_id": "S3", "mean_final_error": 54404.960527663396, "mean_minus_reference": 51944.960527663396, "mean_ratio_to_reference": 22.1158376128713, "recovered_or_exceeded": false, "reference_mean": 2460.0, "reference_raw": "2.46E+03 +/- 1.35E+03", "reference_sample_std": 1350.0, "sample_std_final_error": 59166.64309644125, "seed_count": 25, "selection_counts": {"gcb": 25}}, {"case_id": "S4", "mean_final_error": 81256.03366410108, "mean_minus_reference": 76146.03366410108, "mean_ratio_to_reference": 15.901376450900408, "recovered_or_exceeded": false, "reference_mean": 5110.0, "reference_raw": "5.11E+03 +/- 3.49E+03", "reference_sample_std": 3490.0, "sample_std_final_error": 68403.6876680365, "seed_count": 25, "selection_counts": {"gcb": 25}}, {"case_id": "S5", "mean_final_error": 68140.23463070721, "mean_minus_reference": 59760.234630707215, "mean_ratio_to_reference": 8.131292915358856, "recovered_or_exceeded": false, "reference_mean": 8380.0, "reference_raw": "8.38E+03 +/- 8.69E+03", "reference_sample_std": 8690.0, "sample_std_final_error": 62044.17041400147, "seed_count": 25, "selection_counts": {"gcb": 25}}, {"case_id": "S6", "mean_final_error": 126342.51928570335, "mean_minus_reference": 122162.51928570335, "mean_ratio_to_reference": 30.22548308270415, "recovered_or_exceeded": false, "reference_mean": 4180.0, "reference_raw": "4.18E+03 +/- 1.99E+03", "reference_sample_std": 1990.0, "sample_std_final_error": 85679.94327509326, "seed_count": 25, "selection_counts": {"gcb": 25}}, {"case_id": "R1", "mean_final_error": 158979.80332112804, "mean_minus_reference": 2979.8033211280417, "mean_ratio_to_reference": 1.0191013033405645, "recovered_or_exceeded": false, "reference_mean": 156000.0, "reference_raw": "1.56E+05 +/- 1.53E+04", "reference_sample_std": 15300.0, "sample_std_final_error": 20948.737190922915, "seed_count": 25, "selection_counts": {"smp": 25}}, {"case_id": "R2", "mean_final_error": 219522.95342035408, "mean_minus_reference": -4477.0465796459175, "mean_ratio_to_reference": 0.980013184912295, "recovered_or_exceeded": true, "reference_mean": 224000.0, "reference_raw": "2.24E+05 +/- 2.95E+04", "reference_sample_std": 29500.0, "sample_std_final_error": 32633.464409095122, "seed_count": 25, "selection_counts": {"gcb": 25}}, {"case_id": "R3", "mean_final_error": 300286.98372182815, "mean_minus_reference": 31286.983721828146, "mean_ratio_to_reference": 1.1163084896722235, "recovered_or_exceeded": false, "reference_mean": 269000.0, "reference_raw": "2.69E+05 +/- 3.29E+04", "reference_sample_std": 32900.0, "sample_std_final_error": 44823.05489598357, "seed_count": 25, "selection_counts": {"gcb": 25}}, {"case_id": "R4", "mean_final_error": 317178.1155966105, "mean_minus_reference": 2178.115596610529, "mean_ratio_to_reference": 1.0069146526876525, "recovered_or_exceeded": false, "reference_mean": 315000.0, "reference_raw": "3.15E+05 +/- 3.25E+04", "reference_sample_std": 32500.0, "sample_std_final_error": 59670.812121188785, "seed_count": 25, "selection_counts": {"gcb": 25}}, {"case_id": "R5", "mean_final_error": 335665.80994317937, "mean_minus_reference": 1665.809943179367, "mean_ratio_to_reference": 1.0049874549196987, "recovered_or_exceeded": false, "reference_mean": 334000.0, "reference_raw": "3.34E+05 +/- 4.10E+04", "reference_sample_std": 41000.0, "sample_std_final_error": 45093.50058456285, "seed_count": 25, "selection_counts": {"gcb": 25}}, {"case_id": "R6", "mean_final_error": 378999.4141959984, "mean_minus_reference": 17999.414195998397, "mean_ratio_to_reference": 1.049859873119109, "recovered_or_exceeded": false, "reference_mean": 361000.0, "reference_raw": "3.61E+05 +/- 4.19E+04", "reference_sample_std": 41900.0, "sample_std_final_error": 74441.50237159153, "seed_count": 25, "selection_counts": {"gcb": 25}}, {"case_id": "A1", "mean_final_error": 77986.65955229527, "mean_minus_reference": -13.34044770472974, "mean_ratio_to_reference": 0.9998289686191701, "recovered_or_exceeded": true, "reference_mean": 78000.0, "reference_raw": "7.80E+04 +/- 9.33E+01", "reference_sample_std": 93.3, "sample_std_final_error": 308.6805645300507, "seed_count": 25, "selection_counts": {"ctp": 24, "smp": 1}}, {"case_id": "A2", "mean_final_error": 78705.94401809527, "mean_minus_reference": 705.9440180952661, "mean_ratio_to_reference": 1.0090505643345546, "recovered_or_exceeded": false, "reference_mean": 78000.0, "reference_raw": "7.80E+04 +/- 9.27E+01", "reference_sample_std": 92.7, "sample_std_final_error": 235.8458781272598, "seed_count": 25, "selection_counts": {"ctp": 1, "gcb": 24}}, {"case_id": "A3", "mean_final_error": 78637.60291794933, "mean_minus_reference": 537.6029179493344, "mean_ratio_to_reference": 1.0068835200761759, "recovered_or_exceeded": false, "reference_mean": 78100.0, "reference_raw": "7.81E+04 +/- 9.28E+01", "reference_sample_std": 92.8, "sample_std_final_error": 190.2147428086544, "seed_count": 25, "selection_counts": {"ctp": 1, "gcb": 24}}, {"case_id": "A4", "mean_final_error": 78616.7620036243, "mean_minus_reference": 416.76200362430245, "mean_ratio_to_reference": 1.0053294373865, "recovered_or_exceeded": false, "reference_mean": 78200.0, "reference_raw": "7.82E+04 +/- 1.07E+02", "reference_sample_std": 107.0, "sample_std_final_error": 164.6565957212232, "seed_count": 25, "selection_counts": {"ctp": 7, "gcb": 18}}, {"case_id": "A5", "mean_final_error": 78665.21115061689, "mean_minus_reference": 265.2111506168876, "mean_ratio_to_reference": 1.0033827952884806, "recovered_or_exceeded": false, "reference_mean": 78400.0, "reference_raw": "7.84E+04 +/- 6.63E+01", "reference_sample_std": 66.3, "sample_std_final_error": 289.2849968753924, "seed_count": 25, "selection_counts": {"ctp": 4, "gcb": 21}}, {"case_id": "A6", "mean_final_error": 78831.78460327185, "mean_minus_reference": 831.7846032718517, "mean_ratio_to_reference": 1.010663905170152, "recovered_or_exceeded": false, "reference_mean": 78000.0, "reference_raw": "7.80E+04 +/- 7.73E+01", "reference_sample_std": 77.3, "sample_std_final_error": 243.11893870955905, "seed_count": 25, "selection_counts": {"ctp": 13, "gcb": 12}}], "context_count": 600, "failed_case_count": 21, "gate_passed": false, "generated_at_utc": "2026-08-11T02:21:29.077697+00:00", "max_workers": 24, "phase1_fes": 180000, "recovered_case_count": 3, "schema_version": "arac-current-arac-aob24-recovery-summary-v1", "seed_count_per_case": 25, "selection_counts": {"ctp": 50, "gcb": 474, "smp": 76}, "summary_sha256": "e679d6e854e4791efc7908111352d499b1ff85ed6ceaabdba66708d92ceb133a", "terminal_fes": 3000000}
