[0001/6] S1:seed-117 complete
[0002/6] S1:seed-20260753 complete
[0003/6] E1:seed-117 complete
[0004/6] E1:seed-20260753 complete
[0005/6] R1:seed-117 complete
[0006/6] R1:seed-20260753 complete
[0001/24] S1:seed-117:aor complete
[0002/24] S1:seed-20260753:aor complete
[0003/24] E1:seed-20260753:aor complete
[0004/24] E1:seed-117:aor complete
[0005/24] R1:seed-20260753:aor complete
[0006/24] R1:seed-117:aor complete
[0007/24] S1:seed-20260753:gcb complete
[0008/24] S1:seed-117:gcb complete
[0009/24] R1:seed-117:gcb complete
[0010/24] R1:seed-20260753:gcb complete
[0011/24] S1:seed-20260753:ctp complete
[0012/24] S1:seed-117:ctp complete
[0013/24] S1:seed-117:smp complete
[0014/24] S1:seed-20260753:smp complete
[0015/24] R1:seed-117:ctp complete
[0016/24] R1:seed-20260753:ctp complete
[0017/24] E1:seed-117:gcb complete
[0018/24] E1:seed-117:ctp complete
[0019/24] R1:seed-117:smp complete
[0020/24] R1:seed-20260753:smp complete
[0021/24] E1:seed-20260753:ctp complete
[0022/24] E1:seed-20260753:gcb complete
[0023/24] E1:seed-117:smp complete
[0024/24] E1:seed-20260753:smp complete
{"label_counts": {"aor": 1, "ctp": 4, "gcb": 1}, "record_count": 6}
