[0001/96] E2:seed-117 complete
[0002/96] S2:seed-117 complete
[0003/96] S1:seed-117 complete
[0004/96] E1:seed-117 complete
[0005/96] S3:seed-117 complete
[0006/96] S4:seed-117 complete
[0007/96] S5:seed-117 complete
[0008/96] R2:seed-117 complete
[0009/96] E4:seed-117 complete
[0010/96] E3:seed-117 complete
[0011/96] S6:seed-117 complete
[0012/96] A1:seed-117 complete
[0013/96] R1:seed-117 complete
[0014/96] A2:seed-117 complete
[0015/96] A1:seed-129 complete
[0016/96] E6:seed-117 complete
[0017/96] A2:seed-129 complete
[0018/96] E5:seed-117 complete
[0019/96] R4:seed-117 complete
[0020/96] A3:seed-129 complete
[0021/96] R3:seed-117 complete
[0022/96] A3:seed-117 complete
[0023/96] A4:seed-129 complete
[0024/96] A4:seed-117 complete
[0025/96] R6:seed-117 complete
[0026/96] R5:seed-117 complete
[0027/96] A5:seed-117 complete
[0028/96] A6:seed-117 complete
[0029/96] E2:seed-129 complete
[0030/96] E1:seed-129 complete
[0031/96] E3:seed-129 complete
[0032/96] E4:seed-129 complete
[0033/96] S1:seed-129 complete
[0034/96] R1:seed-129 complete
[0035/96] E6:seed-129 complete
[0036/96] S2:seed-129 complete
[0037/96] R2:seed-129 complete
[0038/96] E5:seed-129 complete
[0039/96] S4:seed-129 complete
[0040/96] A5:seed-129 complete
[0041/96] S3:seed-129 complete
[0042/96] R4:seed-129 complete
[0043/96] R3:seed-129 complete
[0044/96] A6:seed-129 complete
[0045/96] R5:seed-129 complete
[0046/96] R6:seed-129 complete
[0047/96] S5:seed-129 complete
[0048/96] S6:seed-129 complete
[0049/96] E2:seed-141 complete
[0050/96] E1:seed-141 complete
[0051/96] A1:seed-141 complete
[0052/96] A2:seed-141 complete
[0053/96] A3:seed-141 complete
[0054/96] A4:seed-141 complete
[0055/96] A5:seed-141 complete
[0056/96] A6:seed-141 complete
[0057/96] E4:seed-141 complete
[0058/96] E3:seed-141 complete
[0059/96] S1:seed-141 complete
[0060/96] R2:seed-141 complete
[0061/96] S2:seed-141 complete
[0062/96] R1:seed-141 complete
[0063/96] E5:seed-141 complete
[0064/96] E6:seed-141 complete
[0065/96] S3:seed-141 complete
[0066/96] R4:seed-141 complete
[0067/96] R3:seed-141 complete
[0068/96] S4:seed-141 complete
[0069/96] S5:seed-141 complete
[0070/96] R5:seed-141 complete
[0071/96] S6:seed-141 complete
[0072/96] R6:seed-141 complete
[0073/96] A1:seed-142 complete
[0074/96] E2:seed-142 complete
[0075/96] A2:seed-142 complete
[0076/96] E1:seed-142 complete
[0077/96] A3:seed-142 complete
[0078/96] A4:seed-142 complete
[0079/96] E3:seed-142 complete
[0080/96] E4:seed-142 complete
[0081/96] A5:seed-142 complete
[0082/96] A6:seed-142 complete
[0083/96] E5:seed-142 complete
[0084/96] E6:seed-142 complete
[0085/96] S1:seed-142 complete
[0086/96] S2:seed-142 complete
[0087/96] R1:seed-142 complete
[0088/96] R2:seed-142 complete
[0089/96] S3:seed-142 complete
[0090/96] S4:seed-142 complete
[0091/96] R4:seed-142 complete
[0092/96] R3:seed-142 complete
[0093/96] S5:seed-142 complete
[0094/96] S6:seed-142 complete
[0095/96] R6:seed-142 complete
[0096/96] R5:seed-142 complete
[0001/384] E1:seed-117:aor complete
[0002/384] E1:seed-117:ctp complete
[0003/384] A1:seed-117:gcb complete
[0004/384] A1:seed-117:aor complete
[0005/384] A2:seed-117:aor complete
[0006/384] E1:seed-117:gcb complete
[0007/384] A1:seed-117:ctp complete
[0008/384] A3:seed-117:aor complete
[0009/384] A2:seed-117:ctp complete
[0010/384] A4:seed-117:aor complete
[0011/384] A3:seed-117:ctp complete
[0012/384] A5:seed-117:aor complete
[0013/384] A4:seed-117:ctp complete
[0014/384] A6:seed-117:aor complete
[0015/384] A5:seed-117:ctp complete
[0016/384] A6:seed-117:ctp complete
[0017/384] A3:seed-117:gcb complete
[0018/384] A2:seed-117:gcb complete
[0019/384] A4:seed-117:gcb complete
[0020/384] A5:seed-117:gcb complete
[0021/384] A6:seed-117:gcb complete
[0022/384] A1:seed-117:smp complete
[0023/384] E2:seed-117:ctp complete
[0024/384] E2:seed-117:aor complete
[0025/384] E3:seed-117:aor complete
[0026/384] E1:seed-117:smp complete
[0027/384] E3:seed-117:ctp complete
[0028/384] E4:seed-117:aor complete
[0029/384] E4:seed-117:ctp complete
[0030/384] E2:seed-117:gcb complete
[0031/384] E5:seed-117:ctp complete
[0032/384] E5:seed-117:aor complete
[0033/384] E3:seed-117:gcb complete
[0034/384] E4:seed-117:gcb complete
[0035/384] E5:seed-117:gcb complete
[0036/384] R1:seed-117:ctp complete
[0037/384] E6:seed-117:aor complete
[0038/384] E6:seed-117:ctp complete
[0039/384] E6:seed-117:gcb complete
[0040/384] A2:seed-117:smp complete
[0041/384] A3:seed-117:smp complete
[0042/384] A4:seed-117:smp complete
[0043/384] A5:seed-117:smp complete
[0044/384] A6:seed-117:smp complete
[0045/384] R1:seed-117:aor complete
[0046/384] R1:seed-117:gcb complete
[0047/384] R2:seed-117:ctp complete
[0048/384] R2:seed-117:aor complete
[0049/384] R3:seed-117:ctp complete
[0050/384] R3:seed-117:aor complete
[0051/384] R2:seed-117:gcb complete
[0052/384] R4:seed-117:ctp complete
[0053/384] R4:seed-117:aor complete
[0054/384] R3:seed-117:gcb complete
[0055/384] R5:seed-117:ctp complete
[0056/384] R4:seed-117:gcb complete
[0057/384] E4:seed-117:smp complete
[0058/384] E2:seed-117:smp complete
[0059/384] E5:seed-117:smp complete
[0060/384] R5:seed-117:aor complete
[0061/384] E3:seed-117:smp complete
[0062/384] R5:seed-117:gcb complete
[0063/384] R6:seed-117:ctp complete
[0064/384] E6:seed-117:smp complete
[0065/384] R6:seed-117:aor complete
[0066/384] R1:seed-117:smp complete
[0067/384] R6:seed-117:gcb complete
[0068/384] S1:seed-117:ctp complete
[0069/384] S1:seed-117:aor complete
[0070/384] S1:seed-117:gcb complete
[0071/384] S2:seed-117:ctp complete
[0072/384] S2:seed-117:aor complete
[0073/384] S3:seed-117:ctp complete
[0074/384] S2:seed-117:gcb complete
[0075/384] S3:seed-117:aor complete
[0076/384] S3:seed-117:gcb complete
[0077/384] S4:seed-117:ctp complete
[0078/384] S4:seed-117:aor complete
[0079/384] S5:seed-117:ctp complete
[0080/384] R2:seed-117:smp complete
[0081/384] S4:seed-117:gcb complete
[0082/384] S5:seed-117:aor complete
[0083/384] R3:seed-117:smp complete
[0084/384] S6:seed-117:ctp complete
[0085/384] S5:seed-117:gcb complete
[0086/384] S1:seed-117:smp complete
[0087/384] R4:seed-117:smp complete
[0088/384] S6:seed-117:aor complete
[0089/384] R5:seed-117:smp complete
[0090/384] S6:seed-117:gcb complete
[0091/384] A1:seed-129:ctp complete
[0092/384] A1:seed-129:gcb complete
[0093/384] A1:seed-129:aor complete
[0094/384] R6:seed-117:smp complete
[0095/384] A2:seed-129:ctp complete
[0096/384] A2:seed-129:aor complete
[0097/384] A3:seed-129:ctp complete
[0098/384] A2:seed-129:gcb complete
[0099/384] S2:seed-117:smp complete
[0100/384] A3:seed-129:aor complete
[0101/384] A4:seed-129:ctp complete
[0102/384] S3:seed-117:smp complete
[0103/384] A3:seed-129:gcb complete
[0104/384] A4:seed-129:aor complete
[0105/384] S4:seed-117:smp complete
[0106/384] A1:seed-129:smp complete
[0107/384] A4:seed-129:gcb complete
[0108/384] A5:seed-129:ctp complete
[0109/384] A5:seed-129:aor complete
[0110/384] A5:seed-129:gcb complete
[0111/384] S5:seed-117:smp complete
[0112/384] A6:seed-129:ctp complete
[0113/384] E1:seed-129:ctp complete
[0114/384] S6:seed-117:smp complete
[0115/384] A6:seed-129:aor complete
[0116/384] A6:seed-129:gcb complete
[0117/384] E1:seed-129:gcb complete
[0118/384] E1:seed-129:aor complete
[0119/384] E2:seed-129:ctp complete
[0120/384] E2:seed-129:aor complete
[0121/384] E2:seed-129:gcb complete
[0122/384] E3:seed-129:ctp complete
[0123/384] E3:seed-129:aor complete
[0124/384] A2:seed-129:smp complete
[0125/384] E4:seed-129:aor complete
[0126/384] E3:seed-129:gcb complete
[0127/384] E4:seed-129:ctp complete
[0128/384] E5:seed-129:ctp complete
[0129/384] E4:seed-129:gcb complete
[0130/384] E5:seed-129:aor complete
[0131/384] A3:seed-129:smp complete
[0132/384] E5:seed-129:gcb complete
[0133/384] E6:seed-129:ctp complete
[0134/384] A4:seed-129:smp complete
[0135/384] E1:seed-129:smp complete
[0136/384] E6:seed-129:aor complete
[0137/384] R1:seed-129:ctp complete
[0138/384] A5:seed-129:smp complete
[0139/384] E6:seed-129:gcb complete
[0140/384] R1:seed-129:gcb complete
[0141/384] A6:seed-129:smp complete
[0142/384] R1:seed-129:aor complete
[0143/384] R2:seed-129:ctp complete
[0144/384] R2:seed-129:aor complete
[0145/384] R2:seed-129:gcb complete
[0146/384] R3:seed-129:ctp complete
[0147/384] R3:seed-129:aor complete
[0148/384] E2:seed-129:smp complete
[0149/384] R3:seed-129:gcb complete
[0150/384] R4:seed-129:ctp complete
[0151/384] E4:seed-129:smp complete
[0152/384] R4:seed-129:gcb complete
[0153/384] R4:seed-129:aor complete
[0154/384] E3:seed-129:smp complete
[0155/384] R5:seed-129:ctp complete
[0156/384] R1:seed-129:smp complete
[0157/384] R5:seed-129:aor complete
[0158/384] R5:seed-129:gcb complete
[0159/384] R6:seed-129:ctp complete
[0160/384] E5:seed-129:smp complete
[0161/384] S1:seed-129:ctp complete
[0162/384] R6:seed-129:aor complete
[0163/384] R6:seed-129:gcb complete
[0164/384] E6:seed-129:smp complete
[0165/384] S1:seed-129:gcb complete
[0166/384] S1:seed-129:aor complete
[0167/384] S2:seed-129:ctp complete
[0168/384] S2:seed-129:aor complete
[0169/384] S3:seed-129:ctp complete
[0170/384] S2:seed-129:gcb complete
[0171/384] S3:seed-129:aor complete
[0172/384] S4:seed-129:ctp complete
[0173/384] S4:seed-129:aor complete
[0174/384] R2:seed-129:smp complete
[0175/384] S3:seed-129:gcb complete
[0176/384] S5:seed-129:ctp complete
[0177/384] S4:seed-129:gcb complete
[0178/384] S5:seed-129:aor complete
[0179/384] R3:seed-129:smp complete
[0180/384] S1:seed-129:smp complete
[0181/384] S6:seed-129:ctp complete
[0182/384] S5:seed-129:gcb complete
[0183/384] R4:seed-129:smp complete
[0184/384] R5:seed-129:smp complete
[0185/384] S6:seed-129:aor complete
[0186/384] S6:seed-129:gcb complete
[0187/384] A1:seed-141:ctp complete
[0188/384] A1:seed-141:gcb complete
[0189/384] A1:seed-141:aor complete
[0190/384] R6:seed-129:smp complete
[0191/384] A2:seed-141:ctp complete
[0192/384] A2:seed-141:aor complete
[0193/384] A3:seed-141:ctp complete
[0194/384] A2:seed-141:gcb complete
[0195/384] S2:seed-129:smp complete
[0196/384] A3:seed-141:aor complete
[0197/384] A4:seed-141:ctp complete
[0198/384] S3:seed-129:smp complete
[0199/384] A3:seed-141:gcb complete
[0200/384] A1:seed-141:smp complete
[0201/384] A4:seed-141:aor complete
[0202/384] A5:seed-141:ctp complete
[0203/384] A4:seed-141:gcb complete
[0204/384] A5:seed-141:aor complete
[0205/384] S4:seed-129:smp complete
[0206/384] A6:seed-141:ctp complete
[0207/384] A5:seed-141:gcb complete
[0208/384] S5:seed-129:smp complete
[0209/384] E1:seed-141:ctp complete
[0210/384] S6:seed-129:smp complete
[0211/384] A6:seed-141:aor complete
[0212/384] A6:seed-141:gcb complete
[0213/384] E1:seed-141:gcb complete
[0214/384] E1:seed-141:aor complete
[0215/384] E2:seed-141:ctp complete
[0216/384] E2:seed-141:aor complete
[0217/384] E2:seed-141:gcb complete
[0218/384] E3:seed-141:ctp complete
[0219/384] E3:seed-141:aor complete
[0220/384] A2:seed-141:smp complete
[0221/384] E3:seed-141:gcb complete
[0222/384] E4:seed-141:ctp complete
[0223/384] E4:seed-141:aor complete
[0224/384] E5:seed-141:ctp complete
[0225/384] A3:seed-141:smp complete
[0226/384] E4:seed-141:gcb complete
[0227/384] E5:seed-141:aor complete
[0228/384] E1:seed-141:smp complete
[0229/384] E5:seed-141:gcb complete
[0230/384] A4:seed-141:smp complete
[0231/384] E6:seed-141:ctp complete
[0232/384] E6:seed-141:aor complete
[0233/384] R1:seed-141:ctp complete
[0234/384] A5:seed-141:smp complete
[0235/384] E6:seed-141:gcb complete
[0236/384] R1:seed-141:aor complete
[0237/384] A6:seed-141:smp complete
[0238/384] R1:seed-141:gcb complete
[0239/384] R2:seed-141:ctp complete
[0240/384] R2:seed-141:aor complete
[0241/384] R3:seed-141:ctp complete
[0242/384] R2:seed-141:gcb complete
[0243/384] E2:seed-141:smp complete
[0244/384] R3:seed-141:aor complete
[0245/384] R4:seed-141:ctp complete
[0246/384] R3:seed-141:gcb complete
[0247/384] R4:seed-141:aor complete
[0248/384] E3:seed-141:smp complete
[0249/384] R5:seed-141:ctp complete
[0250/384] R4:seed-141:gcb complete
[0251/384] R5:seed-141:aor complete
[0252/384] R1:seed-141:smp complete
[0253/384] E4:seed-141:smp complete
[0254/384] R5:seed-141:gcb complete
[0255/384] E5:seed-141:smp complete
[0256/384] R6:seed-141:ctp complete
[0257/384] S1:seed-141:ctp complete
[0258/384] R6:seed-141:aor complete
[0259/384] R6:seed-141:gcb complete
[0260/384] S1:seed-141:gcb complete
[0261/384] E6:seed-141:smp complete
[0262/384] S1:seed-141:aor complete
[0263/384] S2:seed-141:ctp complete
[0264/384] S2:seed-141:aor complete
[0265/384] S2:seed-141:gcb complete
[0266/384] S3:seed-141:ctp complete
[0267/384] S3:seed-141:aor complete
[0268/384] R2:seed-141:smp complete
[0269/384] S3:seed-141:gcb complete
[0270/384] S4:seed-141:ctp complete
[0271/384] S4:seed-141:aor complete
[0272/384] S5:seed-141:ctp complete
[0273/384] R3:seed-141:smp complete
[0274/384] S5:seed-141:aor complete
[0275/384] S4:seed-141:gcb complete
[0276/384] S1:seed-141:smp complete
[0277/384] S5:seed-141:gcb complete
[0278/384] S6:seed-141:ctp complete
[0279/384] R4:seed-141:smp complete
[0280/384] R5:seed-141:smp complete
[0281/384] S6:seed-141:aor complete
[0282/384] S6:seed-141:gcb complete
[0283/384] A1:seed-142:ctp complete
[0284/384] A1:seed-142:gcb complete
[0285/384] A1:seed-142:aor complete
[0286/384] R6:seed-141:smp complete
[0287/384] A2:seed-142:ctp complete
[0288/384] A2:seed-142:aor complete
[0289/384] S2:seed-141:smp complete
[0290/384] A3:seed-142:ctp complete
[0291/384] A2:seed-142:gcb complete
[0292/384] A3:seed-142:aor complete
[0293/384] A3:seed-142:gcb complete
[0294/384] A4:seed-142:ctp complete
[0295/384] A4:seed-142:aor complete
[0296/384] S3:seed-141:smp complete
[0297/384] A1:seed-142:smp complete
[0298/384] A4:seed-142:gcb complete
[0299/384] A5:seed-142:ctp complete
[0300/384] A5:seed-142:aor complete
[0301/384] S4:seed-141:smp complete
[0302/384] A6:seed-142:ctp complete
[0303/384] A5:seed-142:gcb complete
[0304/384] S5:seed-141:smp complete
[0305/384] E1:seed-142:ctp complete
[0306/384] A6:seed-142:aor complete
[0307/384] S6:seed-141:smp complete
[0308/384] A6:seed-142:gcb complete
[0309/384] E1:seed-142:gcb complete
[0310/384] E1:seed-142:aor complete
[0311/384] E2:seed-142:ctp complete
[0312/384] E2:seed-142:aor complete
[0313/384] E2:seed-142:gcb complete
[0314/384] E3:seed-142:aor complete
[0315/384] E3:seed-142:ctp complete
[0316/384] A2:seed-142:smp complete
[0317/384] E4:seed-142:ctp complete
[0318/384] E3:seed-142:gcb complete
[0319/384] E4:seed-142:aor complete
[0320/384] E5:seed-142:ctp complete
[0321/384] A3:seed-142:smp complete
[0322/384] E4:seed-142:gcb complete
[0323/384] E5:seed-142:aor complete
[0324/384] E1:seed-142:smp complete
[0325/384] A4:seed-142:smp complete
[0326/384] E6:seed-142:ctp complete
[0327/384] E5:seed-142:gcb complete
[0328/384] E6:seed-142:aor complete
[0329/384] A5:seed-142:smp complete
[0330/384] R1:seed-142:ctp complete
[0331/384] E6:seed-142:gcb complete
[0332/384] R1:seed-142:gcb complete
[0333/384] A6:seed-142:smp complete
[0334/384] R1:seed-142:aor complete
[0335/384] R2:seed-142:ctp complete
[0336/384] R2:seed-142:aor complete
[0337/384] R2:seed-142:gcb complete
[0338/384] R3:seed-142:ctp complete
[0339/384] R3:seed-142:aor complete
[0340/384] E2:seed-142:smp complete
[0341/384] R3:seed-142:gcb complete
[0342/384] R4:seed-142:ctp complete
[0343/384] R4:seed-142:aor complete
[0344/384] R5:seed-142:ctp complete
[0345/384] E3:seed-142:smp complete
[0346/384] R4:seed-142:gcb complete
[0347/384] R1:seed-142:smp complete
[0348/384] R5:seed-142:aor complete
[0349/384] E4:seed-142:smp complete
[0350/384] R5:seed-142:gcb complete
[0351/384] R6:seed-142:ctp complete
[0352/384] E5:seed-142:smp complete
[0353/384] S1:seed-142:ctp complete
[0354/384] R6:seed-142:gcb complete
[0355/384] R6:seed-142:aor complete
[0356/384] S1:seed-142:aor complete
[0357/384] E6:seed-142:smp complete
[0358/384] S1:seed-142:gcb complete
[0359/384] S2:seed-142:ctp complete
[0360/384] S2:seed-142:aor complete
[0361/384] S3:seed-142:ctp complete
[0362/384] S2:seed-142:gcb complete
[0363/384] S3:seed-142:aor complete
[0364/384] S4:seed-142:ctp complete
[0365/384] S4:seed-142:aor complete
[0366/384] S3:seed-142:gcb complete
[0367/384] R2:seed-142:smp complete
[0368/384] S5:seed-142:ctp complete
[0369/384] S4:seed-142:gcb complete
[0370/384] R3:seed-142:smp complete
[0371/384] S1:seed-142:smp complete
[0372/384] S5:seed-142:aor complete
[0373/384] S5:seed-142:gcb complete
[0374/384] S6:seed-142:ctp complete
[0375/384] R4:seed-142:smp complete
[0376/384] R5:seed-142:smp complete
[0377/384] S6:seed-142:aor complete
[0378/384] S6:seed-142:gcb complete
[0379/384] R6:seed-142:smp complete
[0380/384] S2:seed-142:smp complete
[0381/384] S3:seed-142:smp complete
[0382/384] S4:seed-142:smp complete
[0383/384] S5:seed-142:smp complete
[0384/384] S6:seed-142:smp complete
{"label_counts": {"aor": 25, "ctp": 27, "gcb": 14, "smp": 30}, "record_count": 96}
