E:\ARAC\.venv\Lib\site-packages\pypop7\optimizers\es\cmaes.py:228: RuntimeWarning: overflow encountered in exp
  self.sigma *= np.exp(self.c_s/self.d_sigma*(np.linalg.norm(p_s)/self._e_chi - 1.0))
E:\ARAC\.venv\Lib\site-packages\pypop7\optimizers\es\cmaes.py:228: RuntimeWarning: overflow encountered in scalar multiply
  self.sigma *= np.exp(self.c_s/self.d_sigma*(np.linalg.norm(p_s)/self._e_chi - 1.0))
E:\ARAC\.venv\Lib\site-packages\pypop7\optimizers\es\cmaes.py:228: RuntimeWarning: overflow encountered in scalar multiply
  self.sigma *= np.exp(self.c_s/self.d_sigma*(np.linalg.norm(p_s)/self._e_chi - 1.0))
E:\ARAC\.venv\Lib\site-packages\pypop7\optimizers\es\cmaes.py:228: RuntimeWarning: overflow encountered in scalar multiply
  self.sigma *= np.exp(self.c_s/self.d_sigma*(np.linalg.norm(p_s)/self._e_chi - 1.0))
E:\ARAC\.venv\Lib\site-packages\pypop7\optimizers\es\cmaes.py:228: RuntimeWarning: overflow encountered in scalar multiply
  self.sigma *= np.exp(self.c_s/self.d_sigma*(np.linalg.norm(p_s)/self._e_chi - 1.0))
E:\ARAC\src\arac\actions\_execution.py:99: RuntimeWarning: overflow encountered in multiply
  self.x[index] = self.mean + self.optimizer.sigma * self.steps[index]
E:\ARAC\.venv\Lib\site-packages\pypop7\optimizers\es\cmaes.py:228: RuntimeWarning: overflow encountered in scalar multiply
  self.sigma *= np.exp(self.c_s/self.d_sigma*(np.linalg.norm(p_s)/self._e_chi - 1.0))
E:\ARAC\src\arac\actions\_execution.py:99: RuntimeWarning: overflow encountered in multiply
  self.x[index] = self.mean + self.optimizer.sigma * self.steps[index]
E:\ARAC\.venv\Lib\site-packages\pypop7\optimizers\es\cmaes.py:228: RuntimeWarning: overflow encountered in scalar multiply
  self.sigma *= np.exp(self.c_s/self.d_sigma*(np.linalg.norm(p_s)/self._e_chi - 1.0))
E:\ARAC\src\arac\actions\_execution.py:99: RuntimeWarning: overflow encountered in multiply
  self.x[index] = self.mean + self.optimizer.sigma * self.steps[index]
E:\ARAC\.venv\Lib\site-packages\pypop7\optimizers\es\cmaes.py:228: RuntimeWarning: overflow encountered in scalar multiply
  self.sigma *= np.exp(self.c_s/self.d_sigma*(np.linalg.norm(p_s)/self._e_chi - 1.0))
E:\ARAC\.venv\Lib\site-packages\pypop7\optimizers\es\cmaes.py:228: RuntimeWarning: overflow encountered in exp
  self.sigma *= np.exp(self.c_s/self.d_sigma*(np.linalg.norm(p_s)/self._e_chi - 1.0))
E:\ARAC\.venv\Lib\site-packages\pypop7\optimizers\es\cmaes.py:228: RuntimeWarning: overflow encountered in exp
  self.sigma *= np.exp(self.c_s/self.d_sigma*(np.linalg.norm(p_s)/self._e_chi - 1.0))
E:\ARAC\src\arac\actions\_execution.py:99: RuntimeWarning: overflow encountered in multiply
  self.x[index] = self.mean + self.optimizer.sigma * self.steps[index]
E:\ARAC\.venv\Lib\site-packages\pypop7\optimizers\es\cmaes.py:228: RuntimeWarning: overflow encountered in scalar multiply
  self.sigma *= np.exp(self.c_s/self.d_sigma*(np.linalg.norm(p_s)/self._e_chi - 1.0))
E:\ARAC\.venv\Lib\site-packages\pypop7\optimizers\es\cmaes.py:228: RuntimeWarning: overflow encountered in scalar multiply
  self.sigma *= np.exp(self.c_s/self.d_sigma*(np.linalg.norm(p_s)/self._e_chi - 1.0))
E:\ARAC\.venv\Lib\site-packages\pypop7\optimizers\es\cmaes.py:228: RuntimeWarning: overflow encountered in scalar multiply
  self.sigma *= np.exp(self.c_s/self.d_sigma*(np.linalg.norm(p_s)/self._e_chi - 1.0))
E:\ARAC\src\arac\actions\_execution.py:99: RuntimeWarning: overflow encountered in multiply
  self.x[index] = self.mean + self.optimizer.sigma * self.steps[index]
E:\ARAC\.venv\Lib\site-packages\pypop7\optimizers\es\cmaes.py:228: RuntimeWarning: overflow encountered in scalar multiply
  self.sigma *= np.exp(self.c_s/self.d_sigma*(np.linalg.norm(p_s)/self._e_chi - 1.0))
E:\ARAC\.venv\Lib\site-packages\pypop7\optimizers\es\cmaes.py:228: RuntimeWarning: overflow encountered in scalar multiply
  self.sigma *= np.exp(self.c_s/self.d_sigma*(np.linalg.norm(p_s)/self._e_chi - 1.0))
