[0001/5] E1:seed-129 complete
[0002/5] E1:seed-141 complete
[0003/5] E1:seed-117 complete
[0004/5] E1:seed-20260753 complete
[0005/5] E1:seed-142 complete
[0001/20] E1:seed-117:aor complete
[0002/20] E1:seed-129:aor complete
[0003/20] E1:seed-142:aor complete
[0004/20] E1:seed-20260753:aor complete
[0005/20] E1:seed-141:aor complete
[0006/20] E1:seed-141:gcb complete
[0007/20] E1:seed-20260753:gcb complete
[0008/20] E1:seed-129:gcb complete
[0009/20] E1:seed-117:gcb complete
[0010/20] E1:seed-142:gcb complete
[0011/20] E1:seed-20260753:smp complete
[0012/20] E1:seed-142:smp complete
[0013/20] E1:seed-129:smp complete
[0014/20] E1:seed-141:smp complete
[0015/20] E1:seed-117:smp complete
[0016/20] E1:seed-117:ctp complete
[0017/20] E1:seed-142:ctp complete
[0018/20] E1:seed-141:ctp complete
[0019/20] E1:seed-129:ctp complete
[0020/20] E1:seed-20260753:ctp complete
{"label_counts": {"gcb": 4, "smp": 1}, "record_count": 5}
