[0001/40] S4:seed-117 complete
[0002/40] E2:seed-117 complete
[0003/40] E2:seed-129 complete
[0004/40] E2:seed-141 complete
[0005/40] S4:seed-129 complete
[0006/40] S4:seed-141 complete
[0007/40] R1:seed-141 complete
[0008/40] S6:seed-117 complete
[0009/40] R1:seed-129 complete
[0010/40] R1:seed-117 complete
[0011/40] S6:seed-141 complete
[0012/40] S6:seed-129 complete
[0013/40] E6:seed-117 complete
[0014/40] A2:seed-117 complete
[0015/40] E6:seed-129 complete
[0016/40] A2:seed-141 complete
[0017/40] E6:seed-141 complete
[0018/40] A2:seed-129 complete
[0019/40] A3:seed-129 complete
[0020/40] A3:seed-141 complete
[0021/40] A3:seed-117 complete
[0022/40] A6:seed-129 complete
[0023/40] A6:seed-117 complete
[0024/40] A6:seed-141 complete
[0025/40] E2:seed-142 complete
[0026/40] S4:seed-142 complete
[0027/40] E2:seed-20260753 complete
[0028/40] S4:seed-20260753 complete
[0029/40] S6:seed-142 complete
[0030/40] R1:seed-142 complete
[0031/40] A2:seed-142 complete
[0032/40] E6:seed-142 complete
[0033/40] A3:seed-142 complete
[0034/40] S6:seed-20260753 complete
[0035/40] R1:seed-20260753 complete
[0036/40] E6:seed-20260753 complete
[0037/40] A2:seed-20260753 complete
[0038/40] A3:seed-20260753 complete
[0039/40] A6:seed-142 complete
[0040/40] A6:seed-20260753 complete
[0001/160] E2:seed-117:aor complete
[0002/160] S4:seed-117:aor complete
[0003/160] R1:seed-117:aor complete
[0004/160] E2:seed-117:ctp complete
[0005/160] R1:seed-117:ctp complete
[0006/160] S6:seed-117:aor complete
[0007/160] S4:seed-117:ctp complete
[0008/160] E6:seed-117:aor complete
[0009/160] S6:seed-117:ctp complete
[0010/160] A2:seed-117:aor complete
[0011/160] E6:seed-117:ctp complete
[0012/160] A2:seed-117:ctp complete
[0013/160] R1:seed-117:gcb complete
[0014/160] S4:seed-117:gcb complete
[0015/160] R1:seed-117:smp complete
[0016/160] E2:seed-117:gcb complete
[0017/160] A2:seed-117:gcb complete
[0018/160] A2:seed-117:smp complete
[0019/160] S6:seed-117:gcb complete
[0020/160] S4:seed-117:smp complete
[0021/160] E2:seed-117:smp complete
[0022/160] E6:seed-117:gcb complete
[0023/160] S6:seed-117:smp complete
[0024/160] E6:seed-117:smp complete
[0025/160] E2:seed-129:aor complete
[0026/160] E2:seed-129:ctp complete
[0027/160] A3:seed-117:ctp complete
[0028/160] A3:seed-117:aor complete
[0029/160] A6:seed-117:ctp complete
[0030/160] A6:seed-117:aor complete
[0031/160] A3:seed-117:smp complete
[0032/160] A3:seed-117:gcb complete
[0033/160] E6:seed-129:ctp complete
[0034/160] S4:seed-129:ctp complete
[0035/160] E6:seed-129:aor complete
[0036/160] S4:seed-129:aor complete
[0037/160] E2:seed-129:gcb complete
[0038/160] A6:seed-117:gcb complete
[0039/160] S6:seed-129:ctp complete
[0040/160] A6:seed-117:smp complete
[0041/160] E2:seed-129:smp complete
[0042/160] S6:seed-129:aor complete
[0043/160] S4:seed-129:gcb complete
[0044/160] E6:seed-129:gcb complete
[0045/160] S4:seed-129:smp complete
[0046/160] E6:seed-129:smp complete
[0047/160] S6:seed-129:gcb complete
[0048/160] S6:seed-129:smp complete
[0049/160] R1:seed-129:ctp complete
[0050/160] R1:seed-129:aor complete
[0051/160] A2:seed-129:ctp complete
[0052/160] R1:seed-129:gcb complete
[0053/160] R1:seed-129:smp complete
[0054/160] A2:seed-129:aor complete
[0055/160] A3:seed-129:ctp complete
[0056/160] A3:seed-129:aor complete
[0057/160] E2:seed-141:ctp complete
[0058/160] A2:seed-129:smp complete
[0059/160] A6:seed-129:ctp complete
[0060/160] A6:seed-129:aor complete
[0061/160] A2:seed-129:gcb complete
[0062/160] E2:seed-141:aor complete
[0063/160] A3:seed-129:smp complete
[0064/160] A3:seed-129:gcb complete
[0065/160] E6:seed-141:ctp complete
[0066/160] A6:seed-129:smp complete
[0067/160] A6:seed-129:gcb complete
[0068/160] E2:seed-141:smp complete
[0069/160] E6:seed-141:aor complete
[0070/160] E2:seed-141:gcb complete
[0071/160] S4:seed-141:ctp complete
[0072/160] E6:seed-141:gcb complete
[0073/160] E6:seed-141:smp complete
[0074/160] S4:seed-141:aor complete
[0075/160] S6:seed-141:ctp complete
[0076/160] S4:seed-141:smp complete
[0077/160] S6:seed-141:aor complete
[0078/160] R1:seed-141:ctp complete
[0079/160] S4:seed-141:gcb complete
[0080/160] R1:seed-141:aor complete
[0081/160] A2:seed-141:ctp complete
[0082/160] A2:seed-141:aor complete
[0083/160] S6:seed-141:gcb complete
[0084/160] R1:seed-141:smp complete
[0085/160] S6:seed-141:smp complete
[0086/160] R1:seed-141:gcb complete
[0087/160] A3:seed-141:ctp complete
[0088/160] A2:seed-141:smp complete
[0089/160] A2:seed-141:gcb complete
[0090/160] A3:seed-141:aor complete
[0091/160] A6:seed-141:ctp complete
[0092/160] E2:seed-142:ctp complete
[0093/160] A3:seed-141:smp complete
[0094/160] A3:seed-141:gcb complete
[0095/160] A6:seed-141:aor complete
[0096/160] E2:seed-142:aor complete
[0097/160] A6:seed-141:smp complete
[0098/160] A6:seed-141:gcb complete
[0099/160] E6:seed-142:ctp complete
[0100/160] E6:seed-142:aor complete
[0101/160] E2:seed-142:smp complete
[0102/160] S4:seed-142:ctp complete
[0103/160] E2:seed-142:gcb complete
[0104/160] S4:seed-142:aor complete
[0105/160] S6:seed-142:ctp complete
[0106/160] S6:seed-142:aor complete
[0107/160] R1:seed-142:ctp complete
[0108/160] E6:seed-142:gcb complete
[0109/160] S4:seed-142:gcb complete
[0110/160] E6:seed-142:smp complete
[0111/160] S4:seed-142:smp complete
[0112/160] R1:seed-142:aor complete
[0113/160] S6:seed-142:gcb complete
[0114/160] R1:seed-142:smp complete
[0115/160] S6:seed-142:smp complete
[0116/160] R1:seed-142:gcb complete
[0117/160] A2:seed-142:ctp complete
[0118/160] A2:seed-142:aor complete
[0119/160] A3:seed-142:ctp complete
[0120/160] A2:seed-142:smp complete
[0121/160] A2:seed-142:gcb complete
[0122/160] A3:seed-142:aor complete
[0123/160] A6:seed-142:ctp complete
[0124/160] A3:seed-142:smp complete
[0125/160] E2:seed-20260753:ctp complete
[0126/160] A3:seed-142:gcb complete
[0127/160] A6:seed-142:aor complete
[0128/160] E2:seed-20260753:aor complete
[0129/160] E6:seed-20260753:ctp complete
[0130/160] A6:seed-142:smp complete
[0131/160] A6:seed-142:gcb complete
[0132/160] E2:seed-20260753:gcb complete
[0133/160] E6:seed-20260753:aor complete
[0134/160] E2:seed-20260753:smp complete
[0135/160] S4:seed-20260753:ctp complete
[0136/160] S4:seed-20260753:aor complete
