[0001/6] E2:seed-117 complete
[0002/6] E1:seed-117 complete
[0003/6] E3:seed-117 complete
[0004/6] E4:seed-117 complete
[0005/6] E5:seed-117 complete
[0006/6] E6:seed-117 complete
[0001/24] E1:seed-117:aor complete
[0002/24] E2:seed-117:aor complete
[0003/24] E3:seed-117:aor complete
[0004/24] E4:seed-117:aor complete
[0005/24] E5:seed-117:aor complete
[0006/24] E6:seed-117:aor complete
[0007/24] E2:seed-117:smp complete
[0008/24] E3:seed-117:smp complete
[0009/24] E4:seed-117:smp complete
[0010/24] E5:seed-117:smp complete
[0011/24] E1:seed-117:gcb complete
[0012/24] E6:seed-117:smp complete
[0013/24] E2:seed-117:gcb complete
[0014/24] E1:seed-117:smp complete
[0015/24] E3:seed-117:gcb complete
[0016/24] E4:seed-117:gcb complete
[0017/24] E5:seed-117:gcb complete
[0018/24] E6:seed-117:gcb complete
[0019/24] E1:seed-117:ctp complete
[0020/24] E2:seed-117:ctp complete
[0021/24] E3:seed-117:ctp complete
[0022/24] E4:seed-117:ctp complete
[0023/24] E5:seed-117:ctp complete
[0024/24] E6:seed-117:ctp complete
{"label_counts": {"smp": 6}, "record_count": 6}
