[0001/30] E1:seed-117 complete
[0002/30] E1:seed-129 complete
[0003/30] E1:seed-141 complete
[0004/30] E1:seed-142 complete
[0005/30] E2:seed-129 complete
[0006/30] E2:seed-142 complete
[0007/30] E2:seed-117 complete
[0008/30] E2:seed-141 complete
[0009/30] E3:seed-129 complete
[0010/30] E3:seed-142 complete
[0011/30] E3:seed-117 complete
[0012/30] E3:seed-141 complete
[0013/30] E4:seed-129 complete
[0014/30] E4:seed-117 complete
[0015/30] E5:seed-142 complete
[0016/30] E4:seed-141 complete
[0017/30] E4:seed-142 complete
[0018/30] E5:seed-141 complete
[0019/30] E5:seed-129 complete
[0020/30] E5:seed-117 complete
[0021/30] E6:seed-117 complete
[0022/30] E6:seed-142 complete
[0023/30] E6:seed-129 complete
[0024/30] E6:seed-141 complete
[0025/30] E1:seed-20260753 complete
[0026/30] E2:seed-20260753 complete
[0027/30] E3:seed-20260753 complete
[0028/30] E4:seed-20260753 complete
[0029/30] E5:seed-20260753 complete
[0030/30] E6:seed-20260753 complete
[0001/120] E1:seed-117:aor complete
[0002/120] E2:seed-117:aor complete
[0003/120] E3:seed-117:aor complete
[0004/120] E4:seed-117:aor complete
[0005/120] E5:seed-117:aor complete
[0006/120] E6:seed-117:aor complete
[0007/120] E3:seed-117:smp complete
[0008/120] E2:seed-117:smp complete
[0009/120] E4:seed-117:smp complete
[0010/120] E5:seed-117:smp complete
[0011/120] E1:seed-117:gcb complete
[0012/120] E6:seed-117:smp complete
[0013/120] E2:seed-117:gcb complete
[0014/120] E1:seed-117:smp complete
[0015/120] E3:seed-117:gcb complete
[0016/120] E4:seed-117:gcb complete
[0017/120] E5:seed-117:gcb complete
[0018/120] E6:seed-117:gcb complete
[0019/120] E1:seed-117:ctp complete
[0020/120] E1:seed-129:aor complete
[0021/120] E2:seed-129:aor complete
[0022/120] E2:seed-129:smp complete
[0023/120] E1:seed-129:gcb complete
[0024/120] E3:seed-129:aor complete
[0025/120] E1:seed-129:smp complete
[0026/120] E2:seed-117:ctp complete
[0027/120] E4:seed-129:aor complete
[0028/120] E3:seed-117:ctp complete
[0029/120] E4:seed-117:ctp complete
[0030/120] E3:seed-129:smp complete
[0031/120] E2:seed-129:gcb complete
[0032/120] E5:seed-117:ctp complete
[0033/120] E4:seed-129:smp complete
[0034/120] E3:seed-129:gcb complete
[0035/120] E6:seed-117:ctp complete
[0036/120] E1:seed-129:ctp complete
[0037/120] E5:seed-129:smp complete
[0038/120] E4:seed-129:gcb complete
[0039/120] E5:seed-129:aor complete
[0040/120] E5:seed-129:gcb complete
[0041/120] E6:seed-129:aor complete
[0042/120] E2:seed-129:ctp complete
[0043/120] E1:seed-141:aor complete
[0044/120] E2:seed-141:aor complete
[0045/120] E6:seed-129:smp complete
[0046/120] E3:seed-129:ctp complete
[0047/120] E1:seed-141:gcb complete
[0048/120] E6:seed-129:gcb complete
[0049/120] E3:seed-141:aor complete
[0050/120] E1:seed-141:smp complete
[0051/120] E2:seed-141:smp complete
[0052/120] E4:seed-129:ctp complete
[0053/120] E5:seed-129:ctp complete
[0054/120] E2:seed-141:gcb complete
[0055/120] E3:seed-141:smp complete
[0056/120] E4:seed-141:smp complete
[0057/120] E1:seed-141:ctp complete
[0058/120] E3:seed-141:gcb complete
[0059/120] E4:seed-141:aor complete
[0060/120] E4:seed-141:gcb complete
[0061/120] E5:seed-141:aor complete
[0062/120] E5:seed-141:smp complete
[0063/120] E1:seed-142:aor complete
[0064/120] E6:seed-141:aor complete
[0065/120] E6:seed-129:ctp complete
[0066/120] E5:seed-141:gcb complete
[0067/120] E2:seed-141:ctp complete
[0068/120] E6:seed-141:smp complete
[0069/120] E2:seed-142:aor complete
[0070/120] E1:seed-142:gcb complete
[0071/120] E6:seed-141:gcb complete
[0072/120] E1:seed-142:smp complete
[0073/120] E3:seed-141:ctp complete
[0074/120] E2:seed-142:smp complete
[0075/120] E4:seed-141:ctp complete
[0076/120] E2:seed-142:gcb complete
[0077/120] E3:seed-142:smp complete
[0078/120] E3:seed-142:aor complete
[0079/120] E1:seed-142:ctp complete
[0080/120] E3:seed-142:gcb complete
[0081/120] E4:seed-142:aor complete
[0082/120] E5:seed-141:ctp complete
[0083/120] E5:seed-142:aor complete
[0084/120] E4:seed-142:smp complete
[0085/120] E5:seed-142:smp complete
[0086/120] E6:seed-141:ctp complete
[0087/120] E4:seed-142:gcb complete
[0088/120] E6:seed-142:aor complete
[0089/120] E1:seed-20260753:aor complete
[0090/120] E2:seed-142:ctp complete
[0091/120] E5:seed-142:gcb complete
[0092/120] E6:seed-142:smp complete
[0093/120] E1:seed-20260753:gcb complete
[0094/120] E3:seed-142:ctp complete
[0095/120] E1:seed-20260753:smp complete
[0096/120] E2:seed-20260753:aor complete
[0097/120] E6:seed-142:gcb complete
[0098/120] E2:seed-20260753:smp complete
[0099/120] E2:seed-20260753:gcb complete
[0100/120] E1:seed-20260753:ctp complete
[0101/120] E3:seed-20260753:aor complete
[0102/120] E4:seed-142:ctp complete
[0103/120] E3:seed-20260753:smp complete
[0104/120] E4:seed-20260753:aor complete
[0105/120] E5:seed-142:ctp complete
[0106/120] E3:seed-20260753:gcb complete
[0107/120] E4:seed-20260753:smp complete
[0108/120] E5:seed-20260753:aor complete
[0109/120] E5:seed-20260753:smp complete
[0110/120] E4:seed-20260753:gcb complete
[0111/120] E6:seed-20260753:aor complete
[0112/120] E2:seed-20260753:ctp complete
[0113/120] E5:seed-20260753:gcb complete
[0114/120] E6:seed-20260753:smp complete
[0115/120] E6:seed-142:ctp complete
[0116/120] E6:seed-20260753:gcb complete
[0117/120] E3:seed-20260753:ctp complete
[0118/120] E4:seed-20260753:ctp complete
[0119/120] E5:seed-20260753:ctp complete
[0120/120] E6:seed-20260753:ctp complete
{"label_counts": {"gcb": 1, "smp": 29}, "record_count": 30}
