[0001/24] S1:seed-117 complete
[0002/24] S2:seed-117 complete
[0003/24] S3:seed-117 complete
[0004/24] E2:seed-117 complete
[0005/24] E1:seed-117 complete
[0006/24] S4:seed-117 complete
[0007/24] S5:seed-117 complete
[0008/24] E3:seed-117 complete
[0009/24] R1:seed-117 complete
[0010/24] E4:seed-117 complete
[0011/24] R2:seed-117 complete
[0012/24] E5:seed-117 complete
[0013/24] S6:seed-117 complete
[0014/24] A1:seed-117 complete
[0015/24] R3:seed-117 complete
[0016/24] E6:seed-117 complete
[0017/24] A2:seed-117 complete
[0018/24] R4:seed-117 complete
[0019/24] A3:seed-117 complete
[0020/24] R5:seed-117 complete
[0021/24] A4:seed-117 complete
[0022/24] A5:seed-117 complete
[0023/24] R6:seed-117 complete
[0024/24] A6:seed-117 complete
[0001/96] A2:seed-117:aor complete
[0002/96] A1:seed-117:aor complete
[0003/96] A3:seed-117:aor complete
[0004/96] A4:seed-117:aor complete
[0005/96] A5:seed-117:aor complete
[0006/96] A6:seed-117:aor complete
[0007/96] A1:seed-117:gcb complete
[0008/96] A1:seed-117:smp complete
[0009/96] A2:seed-117:gcb complete
[0010/96] A2:seed-117:smp complete
[0011/96] A3:seed-117:smp complete
[0012/96] A3:seed-117:gcb complete
[0013/96] A4:seed-117:gcb complete
[0014/96] A4:seed-117:smp complete
[0015/96] A6:seed-117:gcb complete
[0016/96] A6:seed-117:smp complete
[0017/96] A5:seed-117:gcb complete
[0018/96] A5:seed-117:smp complete
[0019/96] A1:seed-117:ctp complete
[0020/96] E1:seed-117:aor complete
[0021/96] E2:seed-117:aor complete
[0022/96] E3:seed-117:aor complete
[0023/96] E1:seed-117:gcb complete
[0024/96] E1:seed-117:smp complete
[0025/96] A2:seed-117:ctp complete
[0026/96] E4:seed-117:aor complete
[0027/96] A3:seed-117:ctp complete
[0028/96] E2:seed-117:smp complete
[0029/96] E2:seed-117:gcb complete
[0030/96] A4:seed-117:ctp complete
[0031/96] A6:seed-117:ctp complete
[0032/96] E3:seed-117:gcb complete
[0033/96] E3:seed-117:smp complete
[0034/96] E1:seed-117:ctp complete
[0035/96] E4:seed-117:gcb complete
[0036/96] E4:seed-117:smp complete
[0037/96] E5:seed-117:smp complete
[0038/96] E5:seed-117:aor complete
[0039/96] E5:seed-117:gcb complete
[0040/96] A5:seed-117:ctp complete
[0041/96] E2:seed-117:ctp complete
[0042/96] E6:seed-117:aor complete
[0043/96] R1:seed-117:aor complete
[0044/96] R2:seed-117:aor complete
[0045/96] E3:seed-117:ctp complete
[0046/96] R1:seed-117:gcb complete
[0047/96] R1:seed-117:smp complete
[0048/96] R3:seed-117:aor complete
[0049/96] E4:seed-117:ctp complete
[0050/96] E6:seed-117:gcb complete
[0051/96] E6:seed-117:smp complete
[0052/96] R2:seed-117:smp complete
[0053/96] R2:seed-117:gcb complete
[0054/96] E5:seed-117:ctp complete
[0055/96] R3:seed-117:smp complete
[0056/96] R3:seed-117:gcb complete
[0057/96] R1:seed-117:ctp complete
[0058/96] R4:seed-117:aor complete
[0059/96] R4:seed-117:smp complete
[0060/96] R4:seed-117:gcb complete
[0061/96] R5:seed-117:aor complete
[0062/96] S1:seed-117:aor complete
[0063/96] R5:seed-117:smp complete
[0064/96] R5:seed-117:gcb complete
[0065/96] R2:seed-117:ctp complete
[0066/96] E6:seed-117:ctp complete
[0067/96] R6:seed-117:aor complete
[0068/96] S2:seed-117:aor complete
[0069/96] S1:seed-117:gcb complete
[0070/96] R6:seed-117:gcb complete
[0071/96] R3:seed-117:ctp complete
[0072/96] S1:seed-117:smp complete
[0073/96] R6:seed-117:smp complete
[0074/96] S2:seed-117:smp complete
[0075/96] S2:seed-117:gcb complete
[0076/96] R4:seed-117:ctp complete
[0077/96] S1:seed-117:ctp complete
[0078/96] S3:seed-117:aor complete
[0079/96] S3:seed-117:gcb complete
[0080/96] S3:seed-117:smp complete
[0081/96] S4:seed-117:aor complete
[0082/96] R5:seed-117:ctp complete
[0083/96] S5:seed-117:aor complete
[0084/96] S4:seed-117:gcb complete
[0085/96] S2:seed-117:ctp complete
[0086/96] S6:seed-117:aor complete
[0087/96] S4:seed-117:smp complete
[0088/96] S5:seed-117:gcb complete
[0089/96] R6:seed-117:ctp complete
[0090/96] S5:seed-117:smp complete
[0091/96] S3:seed-117:ctp complete
[0092/96] S6:seed-117:gcb complete
[0093/96] S6:seed-117:smp complete
[0094/96] S4:seed-117:ctp complete
[0095/96] S5:seed-117:ctp complete
[0096/96] S6:seed-117:ctp complete
{"label_counts": {"aor": 6, "ctp": 11, "gcb": 5, "smp": 2}, "record_count": 24}
