R2/20260881: A0=446474 A1=446474 A2=446474 A3=446474 A4=446474
R2/20260882: A0=432397 A1=432397 A2=432397 A3=432397 A4=432397
R2/20260880: A0=508493 A1=508493 A2=508493 A3=508493 A4=508493
A3/20260880: A0=79324.4 A1=79324.4 A2=79324.4 A3=79324.4 A4=79324.4
A3/20260882: A0=78451.7 A1=78451.7 A2=78451.7 A3=78451.7 A4=78451.7
A3/20260881: A0=78417.5 A1=78417.5 A2=78417.5 A3=78417.5 A4=78417.5
S5/20260880: A0=40577.1 A1=40577.1 A2=40577.1 A3=40577.1 A4=40577.1
S5/20260881: A0=48887.6 A1=48887.6 A2=48887.6 A3=48887.6 A4=48887.6
S5/20260882: A0=48523.3 A1=48523.3 A2=48523.3 A3=48523.3 A4=48523.3
R6/20260880: A0=895677 A1=895677 A2=895677 A3=895677 A4=895677
R6/20260881: A0=782997 A1=782997 A2=782997 A3=782997 A4=782997
R6/20260882: A0=849378 A1=849378 A2=849378 A3=849378 A4=849378
{
 "attribution": {
  "A1-A0": {
   "median_ratio": 1.0,
   "ratios": [
    1.0,
    1.0,
    1.0,
    1.0,
    1.0,
    1.0,
    1.0,
    1.0,
    1.0,
    1.0,
    1.0,
    1.0
   ]
  },
  "A2-A1": {
   "median_ratio": 1.0,
   "ratios": [
    1.0,
    1.0,
    1.0,
    1.0,
    1.0,
    1.0,
    1.0,
    1.0,
    1.0,
    1.0,
    1.0,
    1.0
   ]
  },
  "A3-A2": {
   "median_ratio": 1.0,
   "ratios": [
    1.0,
    1.0,
    1.0,
    1.0,
    1.0,
    1.0,
    1.0,
    1.0,
    1.0,
    1.0,
    1.0,
    1.0
   ]
  },
  "A4-A1": {
   "median_ratio": 1.0,
   "ratios": [
    1.0,
    1.0,
    1.0,
    1.0,
    1.0,
    1.0,
    1.0,
    1.0,
    1.0,
    1.0,
    1.0,
    1.0
   ]
  },
  "A4-A3": {
   "median_ratio": 1.0,
   "ratios": [
    1.0,
    1.0,
    1.0,
    1.0,
    1.0,
    1.0,
    1.0,
    1.0,
    1.0,
    1.0,
    1.0,
    1.0
   ]
  }
 },
 "gate_checks": {
  "a2_candidate_diversity": true,
  "a3_state_traces": true,
  "a4_radius_differs_from_a3": true,
  "a4_vs_a2_auc_within_5pct": true,
  "cells_complete": true,
  "first_selector_decision_parity": true,
  "terminal_exact_all_arms": true
 },
 "gate_passed": true,
 "median_auc_ratio_a4_over_a2": 1.0
}
